Archive member included to satisfy reference by file (symbol)

c:/program files (x86)/gnu arm embedded toolchain/10 2021.10/bin/../lib/gcc/arm-none-eabi/10.3.1/thumb/v8-m.base/nofp\libgcc.a(_thumb1_case_uqi.o)
                              ./src/flash_lp_ep.o (__gnu_thumb1_case_uqi)
c:/program files (x86)/gnu arm embedded toolchain/10 2021.10/bin/../lib/gcc/arm-none-eabi/10.3.1/thumb/v8-m.base/nofp\libgcc.a(_muldi3.o)
                              ./ra/intel/tinycrypt/lib/source/ecc.o (__aeabi_lmul)
c:/program files (x86)/gnu arm embedded toolchain/10 2021.10/bin/../lib/gcc/arm-none-eabi/10.3.1/../../../../arm-none-eabi/lib/thumb/v8-m.base/nofp\libg_nano.a(lib_a-errno.o)
                              ./ra/fsp/src/bsp/mcu/all/bsp_sbrk.o (__errno)
c:/program files (x86)/gnu arm embedded toolchain/10 2021.10/bin/../lib/gcc/arm-none-eabi/10.3.1/../../../../arm-none-eabi/lib/thumb/v8-m.base/nofp\libg_nano.a(lib_a-exit.o)
                              c:/program files (x86)/gnu arm embedded toolchain/10 2021.10/bin/../lib/gcc/arm-none-eabi/10.3.1/../../../../arm-none-eabi/lib/thumb/v8-m.base/nofp/rdimon-crt0.o (exit)
c:/program files (x86)/gnu arm embedded toolchain/10 2021.10/bin/../lib/gcc/arm-none-eabi/10.3.1/../../../../arm-none-eabi/lib/thumb/v8-m.base/nofp\libg_nano.a(lib_a-impure.o)
                              c:/program files (x86)/gnu arm embedded toolchain/10 2021.10/bin/../lib/gcc/arm-none-eabi/10.3.1/../../../../arm-none-eabi/lib/thumb/v8-m.base/nofp\libg_nano.a(lib_a-exit.o) (_global_impure_ptr)
c:/program files (x86)/gnu arm embedded toolchain/10 2021.10/bin/../lib/gcc/arm-none-eabi/10.3.1/../../../../arm-none-eabi/lib/thumb/v8-m.base/nofp\libg_nano.a(lib_a-init.o)
                              c:/program files (x86)/gnu arm embedded toolchain/10 2021.10/bin/../lib/gcc/arm-none-eabi/10.3.1/../../../../arm-none-eabi/lib/thumb/v8-m.base/nofp/rdimon-crt0.o (__libc_init_array)
c:/program files (x86)/gnu arm embedded toolchain/10 2021.10/bin/../lib/gcc/arm-none-eabi/10.3.1/../../../../arm-none-eabi/lib/thumb/v8-m.base/nofp\libg_nano.a(lib_a-malloc.o)
                              ./ra/mcu-tools/MCUboot/boot/bootutil/src/loader.o (malloc)
c:/program files (x86)/gnu arm embedded toolchain/10 2021.10/bin/../lib/gcc/arm-none-eabi/10.3.1/../../../../arm-none-eabi/lib/thumb/v8-m.base/nofp\libg_nano.a(lib_a-memcmp.o)
                              ./ra/mcu-tools/MCUboot/boot/bootutil/src/bootutil_misc.o (memcmp)
c:/program files (x86)/gnu arm embedded toolchain/10 2021.10/bin/../lib/gcc/arm-none-eabi/10.3.1/../../../../arm-none-eabi/lib/thumb/v8-m.base/nofp\libg_nano.a(lib_a-memcpy-stub.o)
                              ./src/flash_lp_ep.o (memcpy)
c:/program files (x86)/gnu arm embedded toolchain/10 2021.10/bin/../lib/gcc/arm-none-eabi/10.3.1/../../../../arm-none-eabi/lib/thumb/v8-m.base/nofp\libg_nano.a(lib_a-memset.o)
                              c:/program files (x86)/gnu arm embedded toolchain/10 2021.10/bin/../lib/gcc/arm-none-eabi/10.3.1/../../../../arm-none-eabi/lib/thumb/v8-m.base/nofp/rdimon-crt0.o (memset)
c:/program files (x86)/gnu arm embedded toolchain/10 2021.10/bin/../lib/gcc/arm-none-eabi/10.3.1/../../../../arm-none-eabi/lib/thumb/v8-m.base/nofp\libg_nano.a(lib_a-nano-freer.o)
                              c:/program files (x86)/gnu arm embedded toolchain/10 2021.10/bin/../lib/gcc/arm-none-eabi/10.3.1/../../../../arm-none-eabi/lib/thumb/v8-m.base/nofp\libg_nano.a(lib_a-malloc.o) (_free_r)
c:/program files (x86)/gnu arm embedded toolchain/10 2021.10/bin/../lib/gcc/arm-none-eabi/10.3.1/../../../../arm-none-eabi/lib/thumb/v8-m.base/nofp\libg_nano.a(lib_a-nano-mallocr.o)
                              c:/program files (x86)/gnu arm embedded toolchain/10 2021.10/bin/../lib/gcc/arm-none-eabi/10.3.1/../../../../arm-none-eabi/lib/thumb/v8-m.base/nofp\libg_nano.a(lib_a-malloc.o) (_malloc_r)
c:/program files (x86)/gnu arm embedded toolchain/10 2021.10/bin/../lib/gcc/arm-none-eabi/10.3.1/../../../../arm-none-eabi/lib/thumb/v8-m.base/nofp\libg_nano.a(lib_a-sbrkr.o)
                              c:/program files (x86)/gnu arm embedded toolchain/10 2021.10/bin/../lib/gcc/arm-none-eabi/10.3.1/../../../../arm-none-eabi/lib/thumb/v8-m.base/nofp\libg_nano.a(lib_a-nano-mallocr.o) (_sbrk_r)
c:/program files (x86)/gnu arm embedded toolchain/10 2021.10/bin/../lib/gcc/arm-none-eabi/10.3.1/../../../../arm-none-eabi/lib/thumb/v8-m.base/nofp\libg_nano.a(lib_a-mlock.o)
                              c:/program files (x86)/gnu arm embedded toolchain/10 2021.10/bin/../lib/gcc/arm-none-eabi/10.3.1/../../../../arm-none-eabi/lib/thumb/v8-m.base/nofp\libg_nano.a(lib_a-nano-freer.o) (__malloc_lock)
c:/program files (x86)/gnu arm embedded toolchain/10 2021.10/bin/../lib/gcc/arm-none-eabi/10.3.1/../../../../arm-none-eabi/lib/thumb/v8-m.base/nofp\libg_nano.a(lib_a-reent.o)
[...]
Memory Configuration

Name             Origin             Length             Attributes
FLASH            0x00000000         0x00001800         xr
RAM              0x20004000         0x00004000         xrw
DATA_FLASH       0x40100000         0x00001000         xr
QSPI_FLASH       0x60000000         0x00000000         xr
OSPI_DEVICE_0    0x68000000         0x00000000         xr
OSPI_DEVICE_1    0x70000000         0x00000000         xr
SDRAM            0x90000000         0x00000000         xrw
OPTION_SETTING   0x00000000         0x00000000         r
OPTION_SETTING_S 0x00000000         0x00000000         r
ID_CODE          0x01010018         0x00000020         xr
*default*        0x00000000         0xffffffff

Linker script and memory map

LOAD c:/program files (x86)/gnu arm embedded toolchain/10 2021.10/bin/../lib/gcc/arm-none-eabi/10.3.1/thumb/v8-m.base/nofp/crti.o
LOAD c:/program files (x86)/gnu arm embedded toolchain/10 2021.10/bin/../lib/gcc/arm-none-eabi/10.3.1/thumb/v8-m.base/nofp/crtbegin.o
LOAD c:/program files (x86)/gnu arm embedded toolchain/10 2021.10/bin/../lib/gcc/arm-none-eabi/10.3.1/../../../../arm-none-eabi/lib/thumb/v8-m.base/nofp/rdimon-crt0.o
START GROUP
LOAD ./src/flash_lp_ep.o
LOAD ./src/hal_entry.o
LOAD ./ra_gen/common_data.o
LOAD ./ra_gen/hal_data.o
LOAD ./ra_gen/main.o
LOAD ./ra_gen/pin_data.o
LOAD ./ra_gen/vector_data.o
LOAD ./ra/mcu-tools/MCUboot/boot/bootutil/src/boot_record.o
LOAD ./ra/mcu-tools/MCUboot/boot/bootutil/src/bootutil_misc.o
LOAD ./ra/mcu-tools/MCUboot/boot/bootutil/src/caps.o
LOAD ./ra/mcu-tools/MCUboot/boot/bootutil/src/encrypted.o
LOAD ./ra/mcu-tools/MCUboot/boot/bootutil/src/fault_injection_hardening.o
LOAD ./ra/mcu-tools/MCUboot/boot/bootutil/src/fault_injection_hardening_delay_rng_mbedtls.o
LOAD ./ra/mcu-tools/MCUboot/boot/bootutil/src/image_ec.o
LOAD ./ra/mcu-tools/MCUboot/boot/bootutil/src/image_ec256.o
LOAD ./ra/mcu-tools/MCUboot/boot/bootutil/src/image_ed25519.o
LOAD ./ra/mcu-tools/MCUboot/boot/bootutil/src/image_rsa.o
LOAD ./ra/mcu-tools/MCUboot/boot/bootutil/src/image_validate.o
LOAD ./ra/mcu-tools/MCUboot/boot/bootutil/src/loader.o
LOAD ./ra/mcu-tools/MCUboot/boot/bootutil/src/swap_misc.o
LOAD ./ra/mcu-tools/MCUboot/boot/bootutil/src/swap_move.o
LOAD ./ra/mcu-tools/MCUboot/boot/bootutil/src/swap_scratch.o
LOAD ./ra/mcu-tools/MCUboot/boot/bootutil/src/tlv.o
LOAD ./ra/intel/tinycrypt/lib/source/aes_decrypt.o
LOAD ./ra/intel/tinycrypt/lib/source/aes_encrypt.o
LOAD ./ra/intel/tinycrypt/lib/source/cbc_mode.o
LOAD ./ra/intel/tinycrypt/lib/source/ccm_mode.o
LOAD ./ra/intel/tinycrypt/lib/source/cmac_mode.o
LOAD ./ra/intel/tinycrypt/lib/source/ctr_mode.o
LOAD ./ra/intel/tinycrypt/lib/source/ctr_prng.o
LOAD ./ra/intel/tinycrypt/lib/source/ecc.o
LOAD ./ra/intel/tinycrypt/lib/source/ecc_dh.o
LOAD ./ra/intel/tinycrypt/lib/source/ecc_dsa.o
LOAD ./ra/intel/tinycrypt/lib/source/ecc_platform_specific.o
LOAD ./ra/intel/tinycrypt/lib/source/hmac.o
LOAD ./ra/intel/tinycrypt/lib/source/hmac_prng.o
LOAD ./ra/intel/tinycrypt/lib/source/sha256.o
LOAD ./ra/intel/tinycrypt/lib/source/utils.o
LOAD ./ra/fsp/src/rm_mcuboot_port/crypto/sce9_image_ec256.o
LOAD ./ra/fsp/src/rm_mcuboot_port/crypto/sce9_keys.o
LOAD ./ra/fsp/src/rm_mcuboot_port/flash_map.o
LOAD ./ra/fsp/src/rm_mcuboot_port/rm_mcuboot_port.o
LOAD ./ra/fsp/src/r_flash_lp/r_flash_lp.o
LOAD ./ra/fsp/src/bsp/mcu/all/bsp_clocks.o
LOAD ./ra/fsp/src/bsp/mcu/all/bsp_common.o
LOAD ./ra/fsp/src/bsp/mcu/all/bsp_delay.o
LOAD ./ra/fsp/src/bsp/mcu/all/bsp_group_irq.o
LOAD ./ra/fsp/src/bsp/mcu/all/bsp_guard.o
LOAD ./ra/fsp/src/bsp/mcu/all/bsp_io.o
LOAD ./ra/fsp/src/bsp/mcu/all/bsp_irq.o
LOAD ./ra/fsp/src/bsp/mcu/all/bsp_register_protection.o
LOAD ./ra/fsp/src/bsp/mcu/all/bsp_rom_registers.o
LOAD ./ra/fsp/src/bsp/mcu/all/bsp_sbrk.o
LOAD ./ra/fsp/src/bsp/mcu/all/bsp_security.o
LOAD ./ra/fsp/src/bsp/cmsis/Device/RENESAS/Source/startup.o
LOAD ./ra/fsp/src/bsp/cmsis/Device/RENESAS/Source/system.o
LOAD ./ra/board/ra2e1_ek/board_init.o
LOAD ./ra/board/ra2e1_ek/board_leds.o
END GROUP
START GROUP
LOAD c:/program files (x86)/gnu arm embedded toolchain/10 2021.10/bin/../lib/gcc/arm-none-eabi/10.3.1/thumb/v8-m.base/nofp\libgcc.a
LOAD c:/program files (x86)/gnu arm embedded toolchain/10 2021.10/bin/../lib/gcc/arm-none-eabi/10.3.1/../../../../arm-none-eabi/lib/thumb/v8-m.base/nofp\libg_nano.a
LOAD c:/program files (x86)/gnu arm embedded toolchain/10 2021.10/bin/../lib/gcc/arm-none-eabi/10.3.1/../../../../arm-none-eabi/lib/thumb/v8-m.base/nofp\libc_nano.a
END GROUP
START GROUP
LOAD c:/program files (x86)/gnu arm embedded toolchain/10 2021.10/bin/../lib/gcc/arm-none-eabi/10.3.1/thumb/v8-m.base/nofp\libgcc.a
LOAD c:/program files (x86)/gnu arm embedded toolchain/10 2021.10/bin/../lib/gcc/arm-none-eabi/10.3.1/../../../../arm-none-eabi/lib/thumb/v8-m.base/nofp\libc_nano.a
LOAD c:/program files (x86)/gnu arm embedded toolchain/10 2021.10/bin/../lib/gcc/arm-none-eabi/10.3.1/../../../../arm-none-eabi/lib/thumb/v8-m.base/nofp\librdimon_nano.a
END GROUP
START GROUP
LOAD c:/program files (x86)/gnu arm embedded toolchain/10 2021.10/bin/../lib/gcc/arm-none-eabi/10.3.1/thumb/v8-m.base/nofp\libgcc.a
LOAD c:/program files (x86)/gnu arm embedded toolchain/10 2021.10/bin/../lib/gcc/arm-none-eabi/10.3.1/../../../../arm-none-eabi/lib/thumb/v8-m.base/nofp\libc_nano.a
LOAD c:/program files (x86)/gnu arm embedded toolchain/10 2021.10/bin/../lib/gcc/arm-none-eabi/10.3.1/../../../../arm-none-eabi/lib/thumb/v8-m.base/nofp\librdimon_nano.a
END GROUP
LOAD c:/program files (x86)/gnu arm embedded toolchain/10 2021.10/bin/../lib/gcc/arm-none-eabi/10.3.1/thumb/v8-m.base/nofp/crtend.o
LOAD c:/program files (x86)/gnu arm embedded toolchain/10 2021.10/bin/../lib/gcc/arm-none-eabi/10.3.1/thumb/v8-m.base/nofp/crtn.o
                0x20004000                RAM_START = 0x20004000
                0x00004000                RAM_LENGTH = 0x4000
                0x00000000                FLASH_START = 0x0
                0x00020000                FLASH_LENGTH = 0x20000
                0x40100000                DATA_FLASH_START = 0x40100000
                0x00001000                DATA_FLASH_LENGTH = 0x1000
                0x00000000                OPTION_SETTING_START = 0x0
                0x00000000                OPTION_SETTING_LENGTH = 0x0
                0x00000000                OPTION_SETTING_S_START = 0x0
                0x00000000                OPTION_SETTING_S_LENGTH = 0x0
                0x01010018                ID_CODE_START = 0x1010018
                0x00000020                ID_CODE_LENGTH = 0x20
                0x90000000                SDRAM_START = 0x90000000
                0x00000000                SDRAM_LENGTH = 0x0
                0x60000000                QSPI_FLASH_START = 0x60000000
                0x00000000                QSPI_FLASH_LENGTH = 0x0
                0x68000000                OSPI_DEVICE_0_START = 0x68000000
                0x00000000                OSPI_DEVICE_0_LENGTH = 0x0
                0x70000000                OSPI_DEVICE_1_START = 0x70000000
                0x00000000                OSPI_DEVICE_1_LENGTH = 0x0
                0x00001800                FLASH_BOOTLOADER_LENGTH = 0x1800
                0x00000100                FLASH_BOOTLOADER_HEADER_LENGTH = 0x100
                0x00000100                FLASH_BOOTLOADER_HEADER_LENGTH_2 = 0x100
                0x00000000                FLASH_BOOTLOADER_SCRATCH_LENGTH = 0x0
                0x0000f800                FLASH_APPLICATION_S_LENGTH = 0xf800
                0x00000000                FLASH_APPLICATION_NSC_LENGTH = 0x0
                0x00000000                FLASH_APPLICATION_NS_LENGTH = 0x0
                0x00000000                RAM_APPLICATION_NSC_LENGTH = 0x0
                0x00000000                RAM_APPLICATION_NS_LENGTH = 0x0
                0x00000001                FLASH_APPLICATION_IMAGE_NUMBER = 0x1
                0x00000000                QSPI_FLASH_PRV_LENGTH = DEFINED (QSPI_FLASH_SIZE)?ABSOLUTE (QSPI_FLASH_SIZE):ABSOLUTE (QSPI_FLASH_LENGTH)
                0x00000000                OSPI_DEVICE_0_PRV_LENGTH = DEFINED (OSPI_DEVICE_0_SIZE)?ABSOLUTE (OSPI_DEVICE_0_SIZE):ABSOLUTE (OSPI_DEVICE_0_LENGTH)
                0x00000000                OSPI_DEVICE_1_PRV_LENGTH = DEFINED (OSPI_DEVICE_1_SIZE)?ABSOLUTE (OSPI_DEVICE_1_SIZE):ABSOLUTE (OSPI_DEVICE_1_LENGTH)
                0x00000000                __RESERVE_NS_RAM = ((! (DEFINED (PROJECT_NONSECURE)) && DEFINED (RAM_NS_BUFFER_LENGTH)) && (OPTION_SETTING_S_LENGTH != 0x0))
                0x00000000                RAM_NS_BUFFER_BLOCK_LENGTH = DEFINED (RAM_NS_BUFFER_LENGTH)?ALIGN (RAM_NS_BUFFER_LENGTH, 0x2000):0x0
                0x00000000                RAM_NS_BUFFER_LENGTH = DEFINED (RAM_NS_BUFFER_LENGTH)?RAM_NS_BUFFER_LENGTH:0x0
                0x20008000                RAM_NS_BUFFER_START = ((RAM_START + RAM_LENGTH) - RAM_NS_BUFFER_LENGTH)
                0x20008000                RAM_NS_BUFFER_BLOCK_START = ((RAM_START + RAM_LENGTH) - RAM_NS_BUFFER_BLOCK_LENGTH)
                0x0100a180                OPTION_SETTING_START_NS = 0x100a180
                0x00000001                __bl_FSP_BOOTABLE_IMAGE = 0x1
                0x00000001                __bln_FSP_BOOTABLE_IMAGE = 0x1
                0x00000000                PROJECT_SECURE_OR_FLAT = ((! (DEFINED (PROJECT_NONSECURE)) && OPTION_SETTING_LENGTH) && ! (DEFINED (FSP_BOOTABLE_IMAGE)))
                0x00000000                USE_OPTION_SETTING_NS = (DEFINED (PROJECT_NONSECURE) && ! (DEFINED (FSP_BOOTABLE_IMAGE)))
                0x00001900                __bl_FLASH_IMAGE_START = ! (DEFINED (FLASH_BOOTLOADER_LENGTH))?0x0:(FLASH_APPLICATION_IMAGE_NUMBER == 0x1)?(FLASH_BOOTLOADER_LENGTH + FLASH_BOOTLOADER_HEADER_LENGTH):(((FLASH_BOOTLOADER_LENGTH + FLASH_BOOTLOADER_SCRATCH_LENGTH) + FLASH_APPLICATION_S_LENGTH) + FLASH_BOOTLOADER_HEADER_LENGTH)
                0x0000f700                __bl_FLASH_IMAGE_LENGTH = ! (DEFINED (FLASH_BOOTLOADER_LENGTH))?0x0:(FLASH_APPLICATION_S_LENGTH - FLASH_BOOTLOADER_HEADER_LENGTH)
                0x00011000                __bl_FLASH_IMAGE_END = (__bl_FLASH_IMAGE_START + __bl_FLASH_IMAGE_LENGTH)
                0x00011000                __bl_FLASH_NS_START = ! (DEFINED (FLASH_BOOTLOADER_LENGTH))?0x0:(FLASH_APPLICATION_NS_LENGTH == 0x0)?__bl_FLASH_IMAGE_END:((__bl_FLASH_IMAGE_START - FLASH_BOOTLOADER_HEADER_LENGTH) + FLASH_APPLICATION_S_LENGTH)
                0x00011000                __bl_FLASH_NSC_START = ! (DEFINED (FLASH_BOOTLOADER_LENGTH))?0x0:(FLASH_APPLICATION_NS_LENGTH == 0x0)?__bl_FLASH_IMAGE_END:(__bl_FLASH_NS_START - FLASH_APPLICATION_NSC_LENGTH)
                0x20008000                __bl_RAM_NS_START = ! (DEFINED (FLASH_BOOTLOADER_LENGTH))?0x0:(FLASH_APPLICATION_NS_LENGTH == 0x0)?(RAM_START + RAM_LENGTH):((RAM_START + RAM_LENGTH) - RAM_APPLICATION_NS_LENGTH)
                0x20008000                __bl_RAM_NSC_START = ! (DEFINED (FLASH_BOOTLOADER_LENGTH))?0x0:(FLASH_APPLICATION_NS_LENGTH == 0x0)?(RAM_START + RAM_LENGTH):(__bl_RAM_NS_START - RAM_APPLICATION_NSC_LENGTH)
                0x00011000                __bl_FLASH_NS_IMAGE_START = ! (DEFINED (FLASH_BOOTLOADER_LENGTH))?0x0:(FLASH_APPLICATION_NS_LENGTH == 0x0)?__bl_FLASH_IMAGE_END:(__bl_FLASH_NS_START + FLASH_BOOTLOADER_HEADER_LENGTH_2)
                0x00011000                __bln_FLASH_IMAGE_START = __bl_FLASH_NS_IMAGE_START
                0x00011000                __bln_FLASH_IMAGE_LENGTH = ! (DEFINED (FLASH_BOOTLOADER_LENGTH))?0x0:(FLASH_APPLICATION_NS_LENGTH == 0x0)?__bl_FLASH_IMAGE_END:(FLASH_APPLICATION_NS_LENGTH - FLASH_BOOTLOADER_HEADER_LENGTH_2)
                0x00000000                FLASH_ORIGIN = DEFINED (FLASH_IMAGE_START)?FLASH_IMAGE_START:FLASH_START
                0x00001800                LIMITED_FLASH_LENGTH = DEFINED (FLASH_IMAGE_LENGTH)?FLASH_IMAGE_LENGTH:DEFINED (FLASH_BOOTLOADER_LENGTH)?FLASH_BOOTLOADER_LENGTH:FLASH_LENGTH
START GROUP
LOAD c:/program files (x86)/gnu arm embedded toolchain/10 2021.10/bin/../lib/gcc/arm-none-eabi/10.3.1/thumb/v8-m.base/nofp\libgcc.a
LOAD c:/program files (x86)/gnu arm embedded toolchain/10 2021.10/bin/../lib/gcc/arm-none-eabi/10.3.1/../../../../arm-none-eabi/lib/thumb/v8-m.base/nofp\libc.a
LOAD c:/program files (x86)/gnu arm embedded toolchain/10 2021.10/bin/../lib/gcc/arm-none-eabi/10.3.1/../../../../arm-none-eabi/lib/thumb/v8-m.base/nofp\libm.a
LOAD c:/program files (x86)/gnu arm embedded toolchain/10 2021.10/bin/../lib/gcc/arm-none-eabi/10.3.1/../../../../arm-none-eabi/lib/thumb/v8-m.base/nofp\libnosys.a
END GROUP

.text           0x00000000      0xe1c
                0x00000000                __tz_FLASH_S = ABSOLUTE (FLASH_START)
                0x00000000                __ROM_Start = .
 *(.fixed_vectors*)
 .fixed_vectors
                0x00000000       0x40 ./ra/fsp/src/bsp/cmsis/Device/RENESAS/Source/startup.o
                0x00000000                __Vectors
 *(.application_vectors*)
 .application_vectors
                0x00000040       0x80 ./ra_gen/vector_data.o
                0x00000040                g_vector_table
                0x000000c0                __Vectors_End = .
 *(.code_in_gap*)
 .code_in_gap*  0x000000c0       0x20 ./src/hal_entry.o
                0x000000c0                R_BSP_WarmStart
                0x000000d0                mcuboot_quick_setup
                0x00000400                . = (OPTION_SETTING_LENGTH > 0x0)?.:(__ROM_Start + 0x400)
 *fill*         0x000000e0      0x320 ff
 *(.rom_registers*)
 .rom_registers
                0x00000400       0x3c ./ra/fsp/src/bsp/mcu/all/bsp_rom_registers.o
                0x0000043c                . = (OPTION_SETTING_LENGTH > 0x0)?.:(__ROM_Start + 0x43c)
 *(.text*)
 .text          0x0000043c       0x50 c:/program files (x86)/gnu arm embedded toolchain/10 2021.10/bin/../lib/gcc/arm-none-eabi/10.3.1/thumb/v8-m.base/nofp/crtbegin.o
 .text.flash0_call_back
                0x0000048c       0x34 ./src/flash_lp_ep.o
                0x0000048c                flash0_call_back
 .text.flash_lp_init
                0x000004c0       0x14 ./src/flash_lp_ep.o
                0x000004c0                flash_lp_init
 .text.OverWrite_image_1
                0x000004d4       0x68 ./src/flash_lp_ep.o
                0x000004d4                OverWrite_image_1
 .text.hal_entry
                0x0000053c        0x8 ./src/hal_entry.o
                0x0000053c                hal_entry
 .text.startup.main
                0x00000544        0xa ./ra_gen/main.o
                0x00000544                main
 *fill*         0x0000054e        0x2 ff
 .text.flash_on_chip_cleanup
                0x00000550       0x28 ./ra/fsp/src/rm_mcuboot_port/flash_map.o
                0x00000550                flash_on_chip_cleanup
 .text.start_app
                0x00000578        0xe ./ra/fsp/src/rm_mcuboot_port/rm_mcuboot_port.o
 *fill*         0x00000586        0x2 ff
 .text.RM_MCUBOOT_PORT_BootApp
                0x00000588       0x38 ./ra/fsp/src/rm_mcuboot_port/rm_mcuboot_port.o
                0x00000588                RM_MCUBOOT_PORT_BootApp
 .text.R_FLASH_LP_Close
                0x000005c0       0x34 ./ra/fsp/src/r_flash_lp/r_flash_lp.o
                0x000005c0                R_FLASH_LP_Close
 .text.r_flash_lp_setup
                0x000005f4       0xf8 ./ra/fsp/src/r_flash_lp/r_flash_lp.o
 .text.r_flash_lp_df_enter_pe_mode
                0x000006ec       0x6c ./ra/fsp/src/r_flash_lp/r_flash_lp.o
 .text.r_flash_lp_set_fisr
                0x00000758       0x3c ./ra/fsp/src/r_flash_lp/r_flash_lp.o
 .text.R_FLASH_LP_Open
                0x00000794       0x94 ./ra/fsp/src/r_flash_lp/r_flash_lp.o
                0x00000794                R_FLASH_LP_Open
 .text.R_FLASH_LP_BlankCheck
                0x00000828       0x30 ./ra/fsp/src/r_flash_lp/r_flash_lp.o
                0x00000828                R_FLASH_LP_BlankCheck
 .text.R_FLASH_LP_Erase
                0x00000858       0x26 ./ra/fsp/src/r_flash_lp/r_flash_lp.o
                0x00000858                R_FLASH_LP_Erase
 .text.R_FLASH_LP_Write
                0x0000087e       0x1c ./ra/fsp/src/r_flash_lp/r_flash_lp.o
                0x0000087e                R_FLASH_LP_Write
 *fill*         0x0000089a        0x2 ff
 .text.fcu_frdyi_isr
                0x0000089c       0xf8 ./ra/fsp/src/r_flash_lp/r_flash_lp.o
                0x0000089c                fcu_frdyi_isr
 .text.bsp_prv_operating_mode_opccr_set
                0x00000994       0x34 ./ra/fsp/src/bsp/mcu/all/bsp_clocks.o
 .text.SystemCoreClockUpdate
                0x000009c8       0x28 ./ra/fsp/src/bsp/mcu/all/bsp_clocks.o
                0x000009c8                SystemCoreClockUpdate
 .text.bsp_clock_init
                0x000009f0       0xa4 ./ra/fsp/src/bsp/mcu/all/bsp_clocks.o
                0x000009f0                bsp_clock_init
 .text.NMI_Handler
                0x00000a94       0x3c ./ra/fsp/src/bsp/mcu/all/bsp_group_irq.o
                0x00000a94                NMI_Handler
 .text.bsp_irq_cfg
                0x00000ad0       0x24 ./ra/fsp/src/bsp/mcu/all/bsp_irq.o
                0x00000ad0                bsp_irq_cfg
 .text.R_BSP_RegisterProtectEnable
                0x00000af4       0x4c ./ra/fsp/src/bsp/mcu/all/bsp_register_protection.o
                0x00000af4                R_BSP_RegisterProtectEnable
 .text.R_BSP_RegisterProtectDisable
                0x00000b40       0x44 ./ra/fsp/src/bsp/mcu/all/bsp_register_protection.o
                0x00000b40                R_BSP_RegisterProtectDisable
 .text.Default_Handler
                0x00000b84        0x4 ./ra/fsp/src/bsp/cmsis/Device/RENESAS/Source/startup.o
                0x00000b84                DebugMon_Handler
                0x00000b84                HardFault_Handler
                0x00000b84                SysTick_Handler
                0x00000b84                PendSV_Handler
                0x00000b84                UsageFault_Handler
                0x00000b84                SecureFault_Handler
                0x00000b84                Default_Handler
                0x00000b84                MemManage_Handler
                0x00000b84                SVC_Handler
                0x00000b84                BusFault_Handler
 .text.Reset_Handler
                0x00000b88        0xc ./ra/fsp/src/bsp/cmsis/Device/RENESAS/Source/startup.o
                0x00000b88                Reset_Handler
 .text.SystemInit
                0x00000b94      0x120 ./ra/fsp/src/bsp/cmsis/Device/RENESAS/Source/system.o
                0x00000b94                SystemInit
 .text.bsp_init
                0x00000cb4        0x2 ./ra/board/ra2e1_ek/board_init.o
                0x00000cb4                bsp_init
 *fill*         0x00000cb6        0x2 ff
 .text          0x00000cb8       0x14 c:/program files (x86)/gnu arm embedded toolchain/10 2021.10/bin/../lib/gcc/arm-none-eabi/10.3.1/thumb/v8-m.base/nofp\libgcc.a(_thumb1_case_uqi.o)
                0x00000cb8                __gnu_thumb1_case_uqi
 .text.memcpy   0x00000ccc       0x12 c:/program files (x86)/gnu arm embedded toolchain/10 2021.10/bin/../lib/gcc/arm-none-eabi/10.3.1/../../../../arm-none-eabi/lib/thumb/v8-m.base/nofp\libg_nano.a(lib_a-memcpy-stub.o)
                0x00000ccc                memcpy
 .text.memset   0x00000cde       0x10 c:/program files (x86)/gnu arm embedded toolchain/10 2021.10/bin/../lib/gcc/arm-none-eabi/10.3.1/../../../../arm-none-eabi/lib/thumb/v8-m.base/nofp\libg_nano.a(lib_a-memset.o)
                0x00000cde                memset
 *(.version)
 *fill*         0x00000cee        0x2 ff
 .version       0x00000cf0       0x50 ./ra/fsp/src/bsp/mcu/all/bsp_common.o
 *(.init)
 .init          0x00000d40        0x4 c:/program files (x86)/gnu arm embedded toolchain/10 2021.10/bin/../lib/gcc/arm-none-eabi/10.3.1/thumb/v8-m.base/nofp/crti.o
                0x00000d40                _init
 .init          0x00000d44        0x8 c:/program files (x86)/gnu arm embedded toolchain/10 2021.10/bin/../lib/gcc/arm-none-eabi/10.3.1/thumb/v8-m.base/nofp/crtn.o
 *(.fini)
 .fini          0x00000d4c        0x4 c:/program files (x86)/gnu arm embedded toolchain/10 2021.10/bin/../lib/gcc/arm-none-eabi/10.3.1/thumb/v8-m.base/nofp/crti.o
                0x00000d4c                _fini
 .fini          0x00000d50        0x8 c:/program files (x86)/gnu arm embedded toolchain/10 2021.10/bin/../lib/gcc/arm-none-eabi/10.3.1/thumb/v8-m.base/nofp/crtn.o
 .fini.__stub   0x00000d58       0x80 linker stubs
 *crtbegin.o(.ctors)
 *crtbegin?.o(.ctors)
 *(EXCLUDE_FILE(*crtend.o *crtend?.o) .ctors)
 *(SORT_BY_NAME(.ctors.*))
 *(.ctors)
 *crtbegin.o(.dtors)
 *crtbegin?.o(.dtors)
 *(EXCLUDE_FILE(*crtend.o *crtend?.o) .dtors)
 *(SORT_BY_NAME(.dtors.*))
 *(.dtors)
 *(.rodata*)
 .rodata.g_flash0_cfg
                0x00000dd8       0x14 ./ra_gen/hal_data.o
                0x00000dd8                g_flash0_cfg
 .rodata.gp_mcuboot_flash_ctrl
                0x00000dec        0x4 ./ra_gen/hal_data.o
                0x00000dec                gp_mcuboot_flash_ctrl
 .rodata.g_interrupt_event_link_select
                0x00000df0       0x20 ./ra_gen/vector_data.o
                0x00000df0                g_interrupt_event_link_select
 .rodata.g_prcr_masks
                0x00000e10        0x8 ./ra/fsp/src/bsp/mcu/all/bsp_register_protection.o
                0x00000e18                __usb_dev_descriptor_start_fs = .
 *(.usb_device_desc_fs*)
                0x00000e18                __usb_cfg_descriptor_start_fs = .
 *(.usb_config_desc_fs*)
                0x00000e18                __usb_interface_descriptor_start_fs = .
 *(.usb_interface_desc_fs*)
                0x00000e18                __usb_descriptor_end_fs = .
                0x00000e18                __usb_dev_descriptor_start_hs = .
 *(.usb_device_desc_hs*)
                0x00000e18                __usb_cfg_descriptor_start_hs = .
 *(.usb_config_desc_hs*)
                0x00000e18                __usb_interface_descriptor_start_hs = .
 *(.usb_interface_desc_hs*)
                0x00000e18                __usb_descriptor_end_hs = .
 *(.eh_frame*)
 .eh_frame      0x00000e18        0x0 c:/program files (x86)/gnu arm embedded toolchain/10 2021.10/bin/../lib/gcc/arm-none-eabi/10.3.1/thumb/v8-m.base/nofp/crtbegin.o
 .eh_frame      0x00000e18        0x4 c:/program files (x86)/gnu arm embedded toolchain/10 2021.10/bin/../lib/gcc/arm-none-eabi/10.3.1/thumb/v8-m.base/nofp/crtend.o
                0x00000e1c                __ROM_End = .
                0x000000c0                __Vectors_Size = (__Vectors_End - __Vectors)

.glue_7         0x00000e1c        0x0
 .glue_7        0x00000e1c        0x0 linker stubs

.glue_7t        0x00000e1c        0x0
 .glue_7t       0x00000e1c        0x0 linker stubs

.vfp11_veneer   0x00000e1c        0x0
 .vfp11_veneer  0x00000e1c        0x0 linker stubs

.v4_bx          0x00000e1c        0x0
 .v4_bx         0x00000e1c        0x0 linker stubs

.iplt           0x00000e1c        0x0
 .iplt          0x00000e1c        0x0 c:/program files (x86)/gnu arm embedded toolchain/10 2021.10/bin/../lib/gcc/arm-none-eabi/10.3.1/thumb/v8-m.base/nofp/crtbegin.o

.ARM.extab
 *(.ARM.extab* .gnu.linkonce.armextab.*)
                0x00000e1c                __exidx_start = .

.ARM.exidx
 *(.ARM.exidx* .gnu.linkonce.armexidx.*)
                0x00000e1c                __exidx_end = .
                0x00000e1c                __etext = .
                0x20004000                __tz_RAM_S = ORIGIN (RAM)

.fsp_dtc_vector_table
                0x20004000        0x0
                0x20004000                . = ORIGIN (RAM)
 *(.fsp_dtc_vector_table)

.data           0x20004000      0x548 load address 0x00000e1c
                0x20004000                __data_start__ = .
                0x20004000                . = ALIGN (0x4)
                0x20004000                __Code_In_RAM_Start = .
 *(.code_in_ram*)
 .code_in_ram   0x20004000      0x530 ./ra/fsp/src/r_flash_lp/r_flash_lp.o
 .code_in_ram.__stub
                0x20004530       0x10 linker stubs
                0x20004540                __Code_In_RAM_End = .
 *(vtable)
 *(.data.*)
 *(.data)
                0x20004540                . = ALIGN (0x4)
                0x20004540                PROVIDE (__preinit_array_start = .)
 *(.preinit_array)
                0x20004540                PROVIDE (__preinit_array_end = .)
                0x20004540                . = ALIGN (0x4)
                0x20004540                PROVIDE (__init_array_start = .)
 *(SORT_BY_NAME(.init_array.*))
 *(.init_array)
 .init_array    0x20004540        0x4 c:/program files (x86)/gnu arm embedded toolchain/10 2021.10/bin/../lib/gcc/arm-none-eabi/10.3.1/thumb/v8-m.base/nofp/crtbegin.o
                0x20004544                PROVIDE (__init_array_end = .)
                0x20004544                . = ALIGN (0x4)
                [!provide]                PROVIDE (__fini_array_start = .)
 *(SORT_BY_NAME(.fini_array.*))
 *(.fini_array)
 .fini_array    0x20004544        0x4 c:/program files (x86)/gnu arm embedded toolchain/10 2021.10/bin/../lib/gcc/arm-none-eabi/10.3.1/thumb/v8-m.base/nofp/crtbegin.o
                [!provide]                PROVIDE (__fini_array_end = .)
 *(.jcr*)
                0x20004548                . = ALIGN (0x4)
                0x20004548                __data_end__ = .

.igot.plt       0x20004548        0x0 load address 0x00001364
 .igot.plt      0x20004548        0x0 c:/program files (x86)/gnu arm embedded toolchain/10 2021.10/bin/../lib/gcc/arm-none-eabi/10.3.1/thumb/v8-m.base/nofp/crtbegin.o

.gnu.sgstubs    0x00001400        0x0
                0x00001400                . = (DEFINED (PROJECT_SECURE) && DEFINED (FLASH_NSC_START))?ABSOLUTE (FLASH_NSC_START):ALIGN (0x400)
                0x00001400                __tz_FLASH_C = DEFINED (FLASH_NSC_START)?ABSOLUTE (FLASH_NSC_START):__RESERVE_NS_RAM?ABSOLUTE ((FLASH_START + FLASH_LENGTH)):ALIGN (0x400)
                0x00001400                _start_sg = .
 *(.gnu.sgstubs*)
                0x00001400                . = ALIGN (0x20)
                0x00001400                _end_sg = .
                0x00008000                __tz_FLASH_N = DEFINED (FLASH_NS_START)?ABSOLUTE (FLASH_NS_START):__RESERVE_NS_RAM?ABSOLUTE ((FLASH_START + FLASH_LENGTH)):ALIGN (0x8000)
                0x00008000                FLASH_NS_IMAGE_START = DEFINED (FLASH_NS_IMAGE_START)?FLASH_NS_IMAGE_START:__tz_FLASH_N
                0x60000000                __tz_QSPI_FLASH_S = ORIGIN (QSPI_FLASH)

.qspi_flash     0x60000000        0x0
                0x60000000                __qspi_flash_start__ = .
 *(.qspi_flash*)
 *(.code_in_qspi*)
                0x60000000                __qspi_flash_end__ = .
                0x00000000                __qspi_flash_code_size__ = (__qspi_flash_end__ - __qspi_flash_start__)
                0x00001364                __qspi_flash_code_addr__ = (__etext + (__data_end__ - __data_start__))

.qspi_non_retentive
                0x60000000        0x0 load address 0x00001364
                0x60000000                __qspi_non_retentive_start__ = .
 *(.qspi_non_retentive*)
                0x60000000                __qspi_non_retentive_end__ = .
                0x00000000                __qspi_non_retentive_size__ = (__qspi_non_retentive_end__ - __qspi_non_retentive_start__)
                0x04000000                __qspi_region_max_size__ = 0x4000000
                0x60000000                __qspi_region_start_address__ = __qspi_flash_start__
                0x64000000                __qspi_region_end_address__ = (__qspi_flash_start__ + __qspi_region_max_size__)
                0x60000000                __tz_QSPI_FLASH_N = __qspi_non_retentive_end__
                0x68000000                __tz_OSPI_DEVICE_0_S = ORIGIN (OSPI_DEVICE_0)

.OSPI_DEVICE_0  0x68000000        0x0
                0x68000000                __ospi_device_0_start__ = .
 *(.ospi_device_0*)
 *(.code_in_ospi_device_0*)
                0x68000000                __ospi_device_0_end__ = .
                0x00000000                __ospi_device_0_code_size__ = (__ospi_device_0_end__ - __ospi_device_0_start__)
                0x00001364                __ospi_device_0_code_addr__ = (__etext + (__data_end__ - __data_start__))

.ospi_device_0_non_retentive
                0x68000000        0x0 load address 0x00001364
                0x68000000                __ospi_device_0_non_retentive_start__ = .
 *(.ospi_device_0_non_retentive*)
                0x68000000                __ospi_device_0_non_retentive_end__ = .
                0x00000000                __ospi_device_0_non_retentive_size__ = (__ospi_device_0_non_retentive_end__ - __ospi_device_0_non_retentive_start__)
                0x08000000                __ospi_device_0_region_max_size__ = 0x8000000
                0x68000000                __ospi_device_0_region_start_address__ = __ospi_device_0_start__
                0x70000000                __ospi_device_0_region_end_address__ = (__ospi_device_0_start__ + __ospi_device_0_region_max_size__)
                0x68000000                __tz_OSPI_DEVICE_0_N = __ospi_device_0_non_retentive_end__
                0x70000000                __tz_OSPI_DEVICE_1_S = ORIGIN (OSPI_DEVICE_1)

.OSPI_DEVICE_1  0x70000000        0x0
                0x70000000                __ospi_device_1_start__ = .
 *(.ospi_device_1*)
 *(.code_in_ospi_device_1*)
                0x70000000                __ospi_device_1_end__ = .
                0x00000000                __ospi_device_1_code_size__ = (__ospi_device_1_end__ - __ospi_device_1_start__)
                0x00001364                __ospi_device_1_code_addr__ = (__etext + (__data_end__ - __data_start__))

.ospi_device_1_non_retentive
                0x70000000        0x0 load address 0x00001364
                0x70000000                __ospi_device_1_non_retentive_start__ = .
 *(.ospi_device_1_non_retentive*)
                0x70000000                __ospi_device_1_non_retentive_end__ = .
                0x00000000                __ospi_device_1_non_retentive_size__ = (__ospi_device_1_non_retentive_end__ - __ospi_device_1_non_retentive_start__)
                0x10000000                __ospi_device_1_region_max_size__ = 0x10000000
                0x70000000                __ospi_device_1_region_start_address__ = __ospi_device_1_start__
                0x80000000                __ospi_device_1_region_end_address__ = (__ospi_device_1_start__ + __ospi_device_1_region_max_size__)
                0x70000000                __tz_OSPI_DEVICE_1_N = __ospi_device_1_non_retentive_end__

.noinit         0x20004548       0x18
                0x20004548                . = ALIGN (0x4)
                0x20004548                __noinit_start = .
 *(.noinit*)
 .noinit        0x20004548       0x14 ./ra/fsp/src/bsp/mcu/all/bsp_clocks.o
                0x20004560                . = ALIGN (0x8)
 *fill*         0x2000455c        0x4 
 *(.heap.*)
                0x20004560                __noinit_end = .

.bss            0x20004560      0x928
                0x20004560                . = ALIGN (0x4)
                0x20004560                __bss_start__ = .
 *(.bss*)
 .bss           0x20004560       0x1c c:/program files (x86)/gnu arm embedded toolchain/10 2021.10/bin/../lib/gcc/arm-none-eabi/10.3.1/thumb/v8-m.base/nofp/crtbegin.o
 .bss.g_b_flash_event_blank
                0x2000457c        0x1 ./src/flash_lp_ep.o
 .bss.g_b_flash_event_erase_complete
                0x2000457d        0x1 ./src/flash_lp_ep.o
 .bss.g_b_flash_event_not_blank
                0x2000457e        0x1 ./src/flash_lp_ep.o
 .bss.g_b_flash_event_write_complete
                0x2000457f        0x1 ./src/flash_lp_ep.o
 .bss.read_array
                0x20004580      0x800 ./src/flash_lp_ep.o
                0x20004580                read_array
 .bss.g_flash0_ctrl
                0x20004d80       0x38 ./ra_gen/hal_data.o
                0x20004d80                g_flash0_ctrl
 .bss.g_driver_open
                0x20004db8        0x1 ./ra/fsp/src/rm_mcuboot_port/flash_map.o
 *fill*         0x20004db9        0x3 
 .bss.g_bsp_group_irq_sources
                0x20004dbc       0x40 ./ra/fsp/src/bsp/mcu/all/bsp_group_irq.o
 .bss.gp_renesas_isr_context
                0x20004dfc       0x80 ./ra/fsp/src/bsp/mcu/all/bsp_irq.o
                0x20004dfc                gp_renesas_isr_context
 .bss.g_protect_counters
                0x20004e7c        0x8 ./ra/fsp/src/bsp/mcu/all/bsp_register_protection.o
 .bss.SystemCoreClock
                0x20004e84        0x4 ./ra/fsp/src/bsp/cmsis/Device/RENESAS/Source/system.o
                0x20004e84                SystemCoreClock
 *(COMMON)
                0x20004e88                . = ALIGN (0x4)
                0x20004e88                __bss_end__ = .

.heap           0x20004e88        0x0
                0x20004e88                . = ALIGN (0x8)
                0x20004e88                __HeapBase = .
 *(.heap)
                0x20004e88                __HeapLimit = .

.stack_dummy    0x20004e88      0x800
                0x20004e88                . = ALIGN (0x8)
                0x20004e88                __StackLimit = .
 *(.stack)
 .stack         0x20004e88      0x800 ./ra/fsp/src/bsp/cmsis/Device/RENESAS/Source/startup.o
                0x20005688                __StackTop = .
 *(.stack*)
                0x20005688                __StackTopAll = .
                0x20005688                PROVIDE (__stack = __StackTopAll)
                0x20005688                __RAM_segment_used_end__ = ALIGN (__StackTopAll, 0x4)
                0x20005800                __tz_RAM_C = DEFINED (RAM_NSC_START)?ABSOLUTE (RAM_NSC_START):__RESERVE_NS_RAM?ABSOLUTE (RAM_NS_BUFFER_BLOCK_START):ALIGN (__RAM_segment_used_end__, 0x400)
                0x20006000                __tz_RAM_N = DEFINED (RAM_NS_START)?ABSOLUTE (RAM_NS_START):__RESERVE_NS_RAM?ABSOLUTE (RAM_NS_BUFFER_BLOCK_START):ALIGN (__tz_RAM_C, 0x2000)

.ns_buffer      0x20005688        0x0
                0x20005688                . = __RESERVE_NS_RAM?ABSOLUTE ((RAM_NS_BUFFER_START & 0xffffffe0)):.
 *(.ns_buffer*)

.data_flash     0x40100000        0x0
                0x40100000                . = ORIGIN (DATA_FLASH)
                0x40100000                __tz_DATA_FLASH_S = .
                0x40100000                __Data_Flash_Start = .
 *(.data_flash*)
                0x40100000                __Data_Flash_End = .
                0x40100000                __tz_DATA_FLASH_N = DEFINED (DATA_FLASH_NS_START)?ABSOLUTE (DATA_FLASH_NS_START):__RESERVE_NS_RAM?ABSOLUTE ((DATA_FLASH_START + DATA_FLASH_LENGTH)):ALIGN (0x400)
                0x90000000                __tz_SDRAM_S = ORIGIN (SDRAM)

.sdram          0x90000000        0x0
                0x90000000                __SDRAM_Start = .
 *(.sdram*)
 *(.frame*)
                0x90000000                __SDRAM_End = .
                0x90000000                __tz_SDRAM_N = __SDRAM_End
                0x01010018                __tz_ID_CODE_S = ORIGIN (ID_CODE)

.id_code        0x01010018       0x1c
                0x01010018                __ID_Code_Start = .
 *(.id_code*)
 .id_code       0x01010018       0x1c ./ra/fsp/src/bsp/mcu/all/bsp_rom_registers.o
                0x01010034                __ID_Code_End = .
                0x01010034                __tz_ID_CODE_N = __ID_Code_End
                0x00000000                __tz_OPTION_SETTING_S = ORIGIN (OPTION_SETTING)

.rel.dyn        0x01010034        0x0
 .rel.iplt      0x01010034        0x0 c:/program files (x86)/gnu arm embedded toolchain/10 2021.10/bin/../lib/gcc/arm-none-eabi/10.3.1/thumb/v8-m.base/nofp/crtbegin.o

.option_setting
                0x00000000        0x0
                0x00000000                __OPTION_SETTING_Start = .
 *(.option_setting_ofs0)
                0x00000000                . = PROJECT_SECURE_OR_FLAT?(__OPTION_SETTING_Start + 0x10):__OPTION_SETTING_Start
 *(.option_setting_dualsel)
                0x00000000                . = PROJECT_SECURE_OR_FLAT?(__OPTION_SETTING_Start + 0x34):__OPTION_SETTING_Start
 *(.option_setting_sas)
                0x00000000                __OPTION_SETTING_End = .
                0x0100a180                __tz_OPTION_SETTING_N = OPTION_SETTING_START_NS

.option_setting_ns
                0x00000000        0x0
                0x00000000                __OPTION_SETTING_NS_Start = .
 *(.option_setting_ofs1)
                0x00000000                . = USE_OPTION_SETTING_NS?(__OPTION_SETTING_NS_Start + 0x10):__OPTION_SETTING_NS_Start
 *(.option_setting_banksel)
                0x00000000                . = USE_OPTION_SETTING_NS?(__OPTION_SETTING_NS_Start + 0x40):__OPTION_SETTING_NS_Start
 *(.option_setting_bps0)
                0x00000000                . = USE_OPTION_SETTING_NS?(__OPTION_SETTING_NS_Start + 0x44):__OPTION_SETTING_NS_Start
 *(.option_setting_bps1)
                0x00000000                . = USE_OPTION_SETTING_NS?(__OPTION_SETTING_NS_Start + 0x48):__OPTION_SETTING_NS_Start
 *(.option_setting_bps2)
                0x00000000                . = USE_OPTION_SETTING_NS?(__OPTION_SETTING_NS_Start + 0x60):__OPTION_SETTING_NS_Start
 *(.option_setting_pbps0)
                0x00000000                . = USE_OPTION_SETTING_NS?(__OPTION_SETTING_NS_Start + 0x64):__OPTION_SETTING_NS_Start
 *(.option_setting_pbps1)
                0x00000000                . = USE_OPTION_SETTING_NS?(__OPTION_SETTING_NS_Start + 0x68):__OPTION_SETTING_NS_Start
 *(.option_setting_pbps2)
                0x00000000                __OPTION_SETTING_NS_End = .
                0x00000000                __tz_OPTION_SETTING_S_S = ORIGIN (OPTION_SETTING_S)

.option_setting_s
                0x00000000        0x0
                0x00000000                __OPTION_SETTING_S_Start = .
 *(.option_setting_ofs1_sec)
                0x00000000                . = PROJECT_SECURE_OR_FLAT?(__OPTION_SETTING_S_Start + 0x10):__OPTION_SETTING_S_Start
 *(.option_setting_banksel_sec)
                0x00000000                . = PROJECT_SECURE_OR_FLAT?(__OPTION_SETTING_S_Start + 0x40):__OPTION_SETTING_S_Start
 *(.option_setting_bps_sec0)
                0x00000000                . = PROJECT_SECURE_OR_FLAT?(__OPTION_SETTING_S_Start + 0x44):__OPTION_SETTING_S_Start
 *(.option_setting_bps_sec1)
                0x00000000                . = PROJECT_SECURE_OR_FLAT?(__OPTION_SETTING_S_Start + 0x48):__OPTION_SETTING_S_Start
 *(.option_setting_bps_sec2)
                0x00000000                . = PROJECT_SECURE_OR_FLAT?(__OPTION_SETTING_S_Start + 0x60):__OPTION_SETTING_S_Start
 *(.option_setting_pbps_sec0)
                0x00000000                . = PROJECT_SECURE_OR_FLAT?(__OPTION_SETTING_S_Start + 0x64):__OPTION_SETTING_S_Start
 *(.option_setting_pbps_sec1)
                0x00000000                . = PROJECT_SECURE_OR_FLAT?(__OPTION_SETTING_S_Start + 0x68):__OPTION_SETTING_S_Start
 *(.option_setting_pbps_sec2)
                0x00000000                . = PROJECT_SECURE_OR_FLAT?(__OPTION_SETTING_S_Start + 0x80):__OPTION_SETTING_S_Start
 *(.option_setting_ofs1_sel)
                0x00000000                . = PROJECT_SECURE_OR_FLAT?(__OPTION_SETTING_S_Start + 0x90):__OPTION_SETTING_S_Start
 *(.option_setting_banksel_sel)
                0x00000000                . = PROJECT_SECURE_OR_FLAT?(__OPTION_SETTING_S_Start + 0xc0):__OPTION_SETTING_S_Start
 *(.option_setting_bps_sel0)
                0x00000000                . = PROJECT_SECURE_OR_FLAT?(__OPTION_SETTING_S_Start + 0xc4):__OPTION_SETTING_S_Start
 *(.option_setting_bps_sel1)
                0x00000000                . = PROJECT_SECURE_OR_FLAT?(__OPTION_SETTING_S_Start + 0xc8):__OPTION_SETTING_S_Start
 *(.option_setting_bps_sel2)
                0x00000000                __OPTION_SETTING_S_End = .
                0x00000000                __tz_OPTION_SETTING_S_N = __OPTION_SETTING_S_End
OUTPUT(ra_mcuboot_ra2e1.elf elf32-littlearm)
LOAD linker stubs

.ARM.attributes
                0x00000000       0x2c
 .ARM.attributes
                0x00000000       0x22 c:/program files (x86)/gnu arm embedded toolchain/10 2021.10/bin/../lib/gcc/arm-none-eabi/10.3.1/thumb/v8-m.base/nofp/crti.o
 .ARM.attributes
                0x00000022       0x30 c:/program files (x86)/gnu arm embedded toolchain/10 2021.10/bin/../lib/gcc/arm-none-eabi/10.3.1/thumb/v8-m.base/nofp/crtbegin.o
 .ARM.attributes
                0x00000052       0x30 ./src/flash_lp_ep.o
 .ARM.attributes
                0x00000082       0x30 ./src/hal_entry.o
 .ARM.attributes
                0x000000b2       0x30 ./ra_gen/hal_data.o
 .ARM.attributes
                0x000000e2       0x30 ./ra_gen/main.o
 .ARM.attributes
                0x00000112       0x30 ./ra_gen/vector_data.o
 .ARM.attributes
                0x00000142       0x30 ./ra/fsp/src/rm_mcuboot_port/flash_map.o
 .ARM.attributes
                0x00000172       0x30 ./ra/fsp/src/rm_mcuboot_port/rm_mcuboot_port.o
 .ARM.attributes
                0x000001a2       0x30 ./ra/fsp/src/r_flash_lp/r_flash_lp.o
 .ARM.attributes
                0x000001d2       0x30 ./ra/fsp/src/bsp/mcu/all/bsp_clocks.o
 .ARM.attributes
                0x00000202       0x30 ./ra/fsp/src/bsp/mcu/all/bsp_common.o
 .ARM.attributes
                0x00000232       0x30 ./ra/fsp/src/bsp/mcu/all/bsp_group_irq.o
 .ARM.attributes
                0x00000262       0x30 ./ra/fsp/src/bsp/mcu/all/bsp_irq.o
 .ARM.attributes
                0x00000292       0x30 ./ra/fsp/src/bsp/mcu/all/bsp_register_protection.o
 .ARM.attributes
                0x000002c2       0x30 ./ra/fsp/src/bsp/mcu/all/bsp_rom_registers.o
 .ARM.attributes
                0x000002f2       0x30 ./ra/fsp/src/bsp/cmsis/Device/RENESAS/Source/startup.o
 .ARM.attributes
                0x00000322       0x30 ./ra/fsp/src/bsp/cmsis/Device/RENESAS/Source/system.o
 .ARM.attributes
                0x00000352       0x30 ./ra/board/ra2e1_ek/board_init.o
 .ARM.attributes
                0x00000382       0x22 c:/program files (x86)/gnu arm embedded toolchain/10 2021.10/bin/../lib/gcc/arm-none-eabi/10.3.1/thumb/v8-m.base/nofp\libgcc.a(_thumb1_case_uqi.o)
 .ARM.attributes
                0x000003a4       0x30 c:/program files (x86)/gnu arm embedded toolchain/10 2021.10/bin/../lib/gcc/arm-none-eabi/10.3.1/../../../../arm-none-eabi/lib/thumb/v8-m.base/nofp\libg_nano.a(lib_a-memcpy-stub.o)
 .ARM.attributes
                0x000003d4       0x30 c:/program files (x86)/gnu arm embedded toolchain/10 2021.10/bin/../lib/gcc/arm-none-eabi/10.3.1/../../../../arm-none-eabi/lib/thumb/v8-m.base/nofp\libg_nano.a(lib_a-memset.o)
 .ARM.attributes
                0x00000404       0x30 c:/program files (x86)/gnu arm embedded toolchain/10 2021.10/bin/../lib/gcc/arm-none-eabi/10.3.1/thumb/v8-m.base/nofp/crtend.o
 .ARM.attributes
                0x00000434       0x22 c:/program files (x86)/gnu arm embedded toolchain/10 2021.10/bin/../lib/gcc/arm-none-eabi/10.3.1/thumb/v8-m.base/nofp/crtn.o

.comment        0x00000000       0x49
 .comment       0x00000000       0x49 ./src/flash_lp_ep.o
                                 0x4a (size before relaxing)
 .comment       0x00000049       0x4a ./src/hal_entry.o
 .comment       0x00000049       0x4a ./ra_gen/hal_data.o
 .comment       0x00000049       0x4a ./ra_gen/main.o
 .comment       0x00000049       0x4a ./ra_gen/vector_data.o
 .comment       0x00000049       0x4a ./ra/fsp/src/rm_mcuboot_port/flash_map.o
 .comment       0x00000049       0x4a ./ra/fsp/src/rm_mcuboot_port/rm_mcuboot_port.o
 .comment       0x00000049       0x4a ./ra/fsp/src/r_flash_lp/r_flash_lp.o
 .comment       0x00000049       0x4a ./ra/fsp/src/bsp/mcu/all/bsp_clocks.o
 .comment       0x00000049       0x4a ./ra/fsp/src/bsp/mcu/all/bsp_common.o
 .comment       0x00000049       0x4a ./ra/fsp/src/bsp/mcu/all/bsp_group_irq.o
 .comment       0x00000049       0x4a ./ra/fsp/src/bsp/mcu/all/bsp_irq.o
 .comment       0x00000049       0x4a ./ra/fsp/src/bsp/mcu/all/bsp_register_protection.o
 .comment       0x00000049       0x4a ./ra/fsp/src/bsp/mcu/all/bsp_rom_registers.o
 .comment       0x00000049       0x4a ./ra/fsp/src/bsp/cmsis/Device/RENESAS/Source/startup.o
 .comment       0x00000049       0x4a ./ra/fsp/src/bsp/cmsis/Device/RENESAS/Source/system.o
 .comment       0x00000049       0x4a ./ra/board/ra2e1_ek/board_init.o

.debug_info     0x00000000    0x18dee
 .debug_info    0x00000000      0xd6a ./src/flash_lp_ep.o
 .debug_info    0x00000d6a     0x10da ./src/hal_entry.o
 .debug_info    0x00001e44     0x1032 ./ra_gen/hal_data.o
 .debug_info    0x00002e76      0x22b ./ra_gen/main.o
 .debug_info    0x000030a1      0x3ea ./ra_gen/vector_data.o
 .debug_info    0x0000348b     0x1154 ./ra/fsp/src/rm_mcuboot_port/flash_map.o
 .debug_info    0x000045df      0x57e ./ra/fsp/src/rm_mcuboot_port/rm_mcuboot_port.o
 .debug_info    0x00004b5d     0x7a8f ./ra/fsp/src/r_flash_lp/r_flash_lp.o
 .debug_info    0x0000c5ec     0x45e4 ./ra/fsp/src/bsp/mcu/all/bsp_clocks.o
 .debug_info    0x00010bd0      0x88d ./ra/fsp/src/bsp/mcu/all/bsp_common.o
 .debug_info    0x0001145d     0x135e ./ra/fsp/src/bsp/mcu/all/bsp_group_irq.o
 .debug_info    0x000127bb      0xf23 ./ra/fsp/src/bsp/mcu/all/bsp_irq.o
 .debug_info    0x000136de     0x37c4 ./ra/fsp/src/bsp/mcu/all/bsp_register_protection.o
 .debug_info    0x00016ea2       0xd6 ./ra/fsp/src/bsp/mcu/all/bsp_rom_registers.o
 .debug_info    0x00016f78      0x141 ./ra/fsp/src/bsp/cmsis/Device/RENESAS/Source/startup.o
 .debug_info    0x000170b9     0x1c9f ./ra/fsp/src/bsp/cmsis/Device/RENESAS/Source/system.o
 .debug_info    0x00018d58       0x96 ./ra/board/ra2e1_ek/board_init.o

.debug_abbrev   0x00000000     0x21db
 .debug_abbrev  0x00000000      0x20a ./src/flash_lp_ep.o
 .debug_abbrev  0x0000020a      0x240 ./src/hal_entry.o
 .debug_abbrev  0x0000044a      0x1aa ./ra_gen/hal_data.o
 .debug_abbrev  0x000005f4       0xe9 ./ra_gen/main.o
 .debug_abbrev  0x000006dd       0x9e ./ra_gen/vector_data.o
 .debug_abbrev  0x0000077b      0x392 ./ra/fsp/src/rm_mcuboot_port/flash_map.o
 .debug_abbrev  0x00000b0d      0x1eb ./ra/fsp/src/rm_mcuboot_port/rm_mcuboot_port.o
 .debug_abbrev  0x00000cf8      0x55b ./ra/fsp/src/r_flash_lp/r_flash_lp.o
 .debug_abbrev  0x00001253      0x2f9 ./ra/fsp/src/bsp/mcu/all/bsp_clocks.o
 .debug_abbrev  0x0000154c      0x177 ./ra/fsp/src/bsp/mcu/all/bsp_common.o
 .debug_abbrev  0x000016c3      0x254 ./ra/fsp/src/bsp/mcu/all/bsp_group_irq.o
 .debug_abbrev  0x00001917      0x1a6 ./ra/fsp/src/bsp/mcu/all/bsp_irq.o
 .debug_abbrev  0x00001abd      0x23f ./ra/fsp/src/bsp/mcu/all/bsp_register_protection.o
 .debug_abbrev  0x00001cfc       0x5f ./ra/fsp/src/bsp/mcu/all/bsp_rom_registers.o
 .debug_abbrev  0x00001d5b       0xe6 ./ra/fsp/src/bsp/cmsis/Device/RENESAS/Source/startup.o
 .debug_abbrev  0x00001e41      0x33e ./ra/fsp/src/bsp/cmsis/Device/RENESAS/Source/system.o
 .debug_abbrev  0x0000217f       0x5c ./ra/board/ra2e1_ek/board_init.o

.debug_loc      0x00000000     0x2a99
 .debug_loc     0x00000000       0xfd ./src/flash_lp_ep.o
 .debug_loc     0x000000fd      0x6d5 ./ra/fsp/src/rm_mcuboot_port/flash_map.o
 .debug_loc     0x000007d2       0x91 ./ra/fsp/src/rm_mcuboot_port/rm_mcuboot_port.o
 .debug_loc     0x00000863     0x1daf ./ra/fsp/src/r_flash_lp/r_flash_lp.o
 .debug_loc     0x00002612      0x160 ./ra/fsp/src/bsp/mcu/all/bsp_clocks.o
 .debug_loc     0x00002772       0x25 ./ra/fsp/src/bsp/mcu/all/bsp_common.o
 .debug_loc     0x00002797       0xa9 ./ra/fsp/src/bsp/mcu/all/bsp_group_irq.o
 .debug_loc     0x00002840       0x3f ./ra/fsp/src/bsp/mcu/all/bsp_irq.o
 .debug_loc     0x0000287f      0x110 ./ra/fsp/src/bsp/mcu/all/bsp_register_protection.o
 .debug_loc     0x0000298f      0x10a ./ra/fsp/src/bsp/cmsis/Device/RENESAS/Source/system.o

.debug_aranges  0x00000000      0x410
 .debug_aranges
                0x00000000       0x30 ./src/flash_lp_ep.o
 .debug_aranges
                0x00000030       0x30 ./src/hal_entry.o
 .debug_aranges
                0x00000060       0x20 ./ra_gen/hal_data.o
 .debug_aranges
                0x00000080       0x20 ./ra_gen/main.o
 .debug_aranges
                0x000000a0       0x18 ./ra_gen/vector_data.o
 .debug_aranges
                0x000000b8       0x78 ./ra/fsp/src/rm_mcuboot_port/flash_map.o
 .debug_aranges
                0x00000130       0x28 ./ra/fsp/src/rm_mcuboot_port/rm_mcuboot_port.o
 .debug_aranges
                0x00000158      0x148 ./ra/fsp/src/r_flash_lp/r_flash_lp.o
 .debug_aranges
                0x000002a0       0x48 ./ra/fsp/src/bsp/mcu/all/bsp_clocks.o
 .debug_aranges
                0x000002e8       0x30 ./ra/fsp/src/bsp/mcu/all/bsp_common.o
 .debug_aranges
                0x00000318       0x28 ./ra/fsp/src/bsp/mcu/all/bsp_group_irq.o
 .debug_aranges
                0x00000340       0x20 ./ra/fsp/src/bsp/mcu/all/bsp_irq.o
 .debug_aranges
                0x00000360       0x28 ./ra/fsp/src/bsp/mcu/all/bsp_register_protection.o
 .debug_aranges
                0x00000388       0x18 ./ra/fsp/src/bsp/mcu/all/bsp_rom_registers.o
 .debug_aranges
                0x000003a0       0x28 ./ra/fsp/src/bsp/cmsis/Device/RENESAS/Source/startup.o
 .debug_aranges
                0x000003c8       0x28 ./ra/fsp/src/bsp/cmsis/Device/RENESAS/Source/system.o
 .debug_aranges
                0x000003f0       0x20 ./ra/board/ra2e1_ek/board_init.o

.debug_ranges   0x00000000      0x750
 .debug_ranges  0x00000000       0x20 ./src/flash_lp_ep.o
 .debug_ranges  0x00000020       0x38 ./src/hal_entry.o
 .debug_ranges  0x00000058       0x10 ./ra_gen/hal_data.o
 .debug_ranges  0x00000068       0x10 ./ra_gen/main.o
 .debug_ranges  0x00000078      0x158 ./ra/fsp/src/rm_mcuboot_port/flash_map.o
 .debug_ranges  0x000001d0       0x30 ./ra/fsp/src/rm_mcuboot_port/rm_mcuboot_port.o
 .debug_ranges  0x00000200      0x3d0 ./ra/fsp/src/r_flash_lp/r_flash_lp.o
 .debug_ranges  0x000005d0       0x80 ./ra/fsp/src/bsp/mcu/all/bsp_clocks.o
 .debug_ranges  0x00000650       0x20 ./ra/fsp/src/bsp/mcu/all/bsp_common.o
 .debug_ranges  0x00000670       0x30 ./ra/fsp/src/bsp/mcu/all/bsp_group_irq.o
 .debug_ranges  0x000006a0       0x10 ./ra/fsp/src/bsp/mcu/all/bsp_irq.o
 .debug_ranges  0x000006b0       0x48 ./ra/fsp/src/bsp/mcu/all/bsp_register_protection.o
 .debug_ranges  0x000006f8       0x18 ./ra/fsp/src/bsp/cmsis/Device/RENESAS/Source/startup.o
 .debug_ranges  0x00000710       0x30 ./ra/fsp/src/bsp/cmsis/Device/RENESAS/Source/system.o
 .debug_ranges  0x00000740       0x10 ./ra/board/ra2e1_ek/board_init.o

.debug_line     0x00000000     0x52fd
 .debug_line    0x00000000      0x55d ./src/flash_lp_ep.o
 .debug_line    0x0000055d      0x53e ./src/hal_entry.o
 .debug_line    0x00000a9b      0x421 ./ra_gen/hal_data.o
 .debug_line    0x00000ebc      0x1ce ./ra_gen/main.o
 .debug_line    0x0000108a      0x163 ./ra_gen/vector_data.o
 .debug_line    0x000011ed      0x8ec ./ra/fsp/src/rm_mcuboot_port/flash_map.o
 .debug_line    0x00001ad9      0x48d ./ra/fsp/src/rm_mcuboot_port/rm_mcuboot_port.o
 .debug_line    0x00001f66     0x16c7 ./ra/fsp/src/r_flash_lp/r_flash_lp.o
 .debug_line    0x0000362d      0x5b4 ./ra/fsp/src/bsp/mcu/all/bsp_clocks.o
 .debug_line    0x00003be1      0x27f ./ra/fsp/src/bsp/mcu/all/bsp_common.o
 .debug_line    0x00003e60      0x385 ./ra/fsp/src/bsp/mcu/all/bsp_group_irq.o
 .debug_line    0x000041e5      0x357 ./ra/fsp/src/bsp/mcu/all/bsp_irq.o
 .debug_line    0x0000453c      0x43a ./ra/fsp/src/bsp/mcu/all/bsp_register_protection.o
 .debug_line    0x00004976      0x121 ./ra/fsp/src/bsp/mcu/all/bsp_rom_registers.o
 .debug_line    0x00004a97      0x215 ./ra/fsp/src/bsp/cmsis/Device/RENESAS/Source/startup.o
 .debug_line    0x00004cac      0x5f7 ./ra/fsp/src/bsp/cmsis/Device/RENESAS/Source/system.o
 .debug_line    0x000052a3       0x5a ./ra/board/ra2e1_ek/board_init.o

.debug_str      0x00000000     0x6350
 .debug_str     0x00000000     0x1ee5 ./src/flash_lp_ep.o
                               0x1f5e (size before relaxing)
 .debug_str     0x00001ee5      0x5e5 ./src/hal_entry.o
                                0x889 (size before relaxing)
 .debug_str     0x000024ca      0x390 ./ra_gen/hal_data.o
                               0x21d6 (size before relaxing)
 .debug_str     0x0000285a       0x16 ./ra_gen/main.o
                                0x282 (size before relaxing)
 .debug_str     0x00002870      0xc4f ./ra_gen/vector_data.o
                                0xdfe (size before relaxing)
 .debug_str     0x000034bf      0x27a ./ra/fsp/src/rm_mcuboot_port/flash_map.o
                               0x1e4c (size before relaxing)
 .debug_str     0x00003739       0xe0 ./ra/fsp/src/rm_mcuboot_port/rm_mcuboot_port.o
                                0x419 (size before relaxing)
 .debug_str     0x00003819     0x1eb4 ./ra/fsp/src/r_flash_lp/r_flash_lp.o
                               0x44d0 (size before relaxing)
 .debug_str     0x000056cd      0x359 ./ra/fsp/src/bsp/mcu/all/bsp_clocks.o
                               0x1d47 (size before relaxing)
 .debug_str     0x00005a26       0xd5 ./ra/fsp/src/bsp/mcu/all/bsp_common.o
                               0x19e4 (size before relaxing)
 .debug_str     0x00005afb      0x1de ./ra/fsp/src/bsp/mcu/all/bsp_group_irq.o
                               0x1f0b (size before relaxing)
 .debug_str     0x00005cd9       0x30 ./ra/fsp/src/bsp/mcu/all/bsp_irq.o
                               0x127a (size before relaxing)
 .debug_str     0x00005d09      0x12b ./ra/fsp/src/bsp/mcu/all/bsp_register_protection.o
                               0x1797 (size before relaxing)
 .debug_str     0x00005e34       0x51 ./ra/fsp/src/bsp/mcu/all/bsp_rom_registers.o
                                0x214 (size before relaxing)
 .debug_str     0x00005e85       0x82 ./ra/fsp/src/bsp/cmsis/Device/RENESAS/Source/startup.o
                                0x248 (size before relaxing)
 .debug_str     0x00005f07      0x427 ./ra/fsp/src/bsp/cmsis/Device/RENESAS/Source/system.o
                                0xcf5 (size before relaxing)
 .debug_str     0x0000632e       0x22 ./ra/board/ra2e1_ek/board_init.o
                                0x1e1 (size before relaxing)

.debug_frame    0x00000000      0x894
 .debug_frame   0x00000000       0x60 ./src/flash_lp_ep.o
 .debug_frame   0x00000060       0x58 ./src/hal_entry.o
 .debug_frame   0x000000b8       0x28 ./ra_gen/hal_data.o
 .debug_frame   0x000000e0       0x28 ./ra_gen/main.o
 .debug_frame   0x00000108      0x110 ./ra/fsp/src/rm_mcuboot_port/flash_map.o
 .debug_frame   0x00000218       0x38 ./ra/fsp/src/rm_mcuboot_port/rm_mcuboot_port.o
 .debug_frame   0x00000250      0x3ec ./ra/fsp/src/r_flash_lp/r_flash_lp.o
 .debug_frame   0x0000063c       0x94 ./ra/fsp/src/bsp/mcu/all/bsp_clocks.o
 .debug_frame   0x000006d0       0x40 ./ra/fsp/src/bsp/mcu/all/bsp_common.o
 .debug_frame   0x00000710       0x3c ./ra/fsp/src/bsp/mcu/all/bsp_group_irq.o
 .debug_frame   0x0000074c       0x20 ./ra/fsp/src/bsp/mcu/all/bsp_irq.o
 .debug_frame   0x0000076c       0x48 ./ra/fsp/src/bsp/mcu/all/bsp_register_protection.o
 .debug_frame   0x000007b4       0x38 ./ra/fsp/src/bsp/cmsis/Device/RENESAS/Source/startup.o
 .debug_frame   0x000007ec       0x40 ./ra/fsp/src/bsp/cmsis/Device/RENESAS/Source/system.o
 .debug_frame   0x0000082c       0x20 ./ra/board/ra2e1_ek/board_init.o
 .debug_frame   0x0000084c       0x28 c:/program files (x86)/gnu arm embedded toolchain/10 2021.10/bin/../lib/gcc/arm-none-eabi/10.3.1/../../../../arm-none-eabi/lib/thumb/v8-m.base/nofp\libg_nano.a(lib_a-memcpy-stub.o)
 .debug_frame   0x00000874       0x20 c:/program files (x86)/gnu arm embedded toolchain/10 2021.10/bin/../lib/gcc/arm-none-eabi/10.3.1/../../../../arm-none-eabi/lib/thumb/v8-m.base/nofp\libg_nano.a(lib_a-memset.o)
