Archive member included to satisfy reference by file (symbol)

c:/program files (x86)/gnu arm embedded toolchain/10 2021.10/bin/../lib/gcc/arm-none-eabi/10.3.1/thumb/v8-m.base/nofp\libgcc.a(_clzsi2.o)
                              ./ra/fsp/src/r_adc/r_adc.o (__clzsi2)
c:/program files (x86)/gnu arm embedded toolchain/10 2021.10/bin/../lib/gcc/arm-none-eabi/10.3.1/thumb/v8-m.base/nofp\libgcc.a(_aeabi_ldivmod.o)
                              ./src/DLTProtocol.o (__aeabi_ldivmod)
c:/program files (x86)/gnu arm embedded toolchain/10 2021.10/bin/../lib/gcc/arm-none-eabi/10.3.1/thumb/v8-m.base/nofp\libgcc.a(_muldi3.o)
                              ./src/DLTProtocol.o (__aeabi_lmul)
c:/program files (x86)/gnu arm embedded toolchain/10 2021.10/bin/../lib/gcc/arm-none-eabi/10.3.1/thumb/v8-m.base/nofp\libgcc.a(bpabi.o)
                              c:/program files (x86)/gnu arm embedded toolchain/10 2021.10/bin/../lib/gcc/arm-none-eabi/10.3.1/thumb/v8-m.base/nofp\libgcc.a(_aeabi_ldivmod.o) (__gnu_ldivmod_helper)
c:/program files (x86)/gnu arm embedded toolchain/10 2021.10/bin/../lib/gcc/arm-none-eabi/10.3.1/thumb/v8-m.base/nofp\libgcc.a(_dvmd_tls.o)
                              c:/program files (x86)/gnu arm embedded toolchain/10 2021.10/bin/../lib/gcc/arm-none-eabi/10.3.1/thumb/v8-m.base/nofp\libgcc.a(_aeabi_ldivmod.o) (__aeabi_ldiv0)
c:/program files (x86)/gnu arm embedded toolchain/10 2021.10/bin/../lib/gcc/arm-none-eabi/10.3.1/thumb/v8-m.base/nofp\libgcc.a(_divdi3.o)
                              c:/program files (x86)/gnu arm embedded toolchain/10 2021.10/bin/../lib/gcc/arm-none-eabi/10.3.1/thumb/v8-m.base/nofp\libgcc.a(bpabi.o) (__divdi3)
c:/program files (x86)/gnu arm embedded toolchain/10 2021.10/bin/../lib/gcc/arm-none-eabi/10.3.1/../../../../arm-none-eabi/lib/thumb/v8-m.base/nofp\libg_nano.a(lib_a-errno.o)
                              ./ra/fsp/src/bsp/mcu/all/bsp_sbrk.o (__errno)
c:/program files (x86)/gnu arm embedded toolchain/10 2021.10/bin/../lib/gcc/arm-none-eabi/10.3.1/../../../../arm-none-eabi/lib/thumb/v8-m.base/nofp\libg_nano.a(lib_a-exit.o)
                              c:/program files (x86)/gnu arm embedded toolchain/10 2021.10/bin/../lib/gcc/arm-none-eabi/10.3.1/../../../../arm-none-eabi/lib/thumb/v8-m.base/nofp/rdimon-crt0.o (exit)
c:/program files (x86)/gnu arm embedded toolchain/10 2021.10/bin/../lib/gcc/arm-none-eabi/10.3.1/../../../../arm-none-eabi/lib/thumb/v8-m.base/nofp\libg_nano.a(lib_a-impure.o)
                              c:/program files (x86)/gnu arm embedded toolchain/10 2021.10/bin/../lib/gcc/arm-none-eabi/10.3.1/../../../../arm-none-eabi/lib/thumb/v8-m.base/nofp\libg_nano.a(lib_a-exit.o) (_global_impure_ptr)
c:/program files (x86)/gnu arm embedded toolchain/10 2021.10/bin/../lib/gcc/arm-none-eabi/10.3.1/../../../../arm-none-eabi/lib/thumb/v8-m.base/nofp\libg_nano.a(lib_a-init.o)
                              c:/program files (x86)/gnu arm embedded toolchain/10 2021.10/bin/../lib/gcc/arm-none-eabi/10.3.1/../../../../arm-none-eabi/lib/thumb/v8-m.base/nofp/rdimon-crt0.o (__libc_init_array)
c:/program files (x86)/gnu arm embedded toolchain/10 2021.10/bin/../lib/gcc/arm-none-eabi/10.3.1/../../../../arm-none-eabi/lib/thumb/v8-m.base/nofp\libg_nano.a(lib_a-memcmp.o)
                              ./src/PulserProtocol.o (memcmp)
c:/program files (x86)/gnu arm embedded toolchain/10 2021.10/bin/../lib/gcc/arm-none-eabi/10.3.1/../../../../arm-none-eabi/lib/thumb/v8-m.base/nofp\libg_nano.a(lib_a-memcpy-stub.o)
                              ./src/DLTProtocol.o (memcpy)
c:/program files (x86)/gnu arm embedded toolchain/10 2021.10/bin/../lib/gcc/arm-none-eabi/10.3.1/../../../../arm-none-eabi/lib/thumb/v8-m.base/nofp\libg_nano.a(lib_a-memset.o)
                              c:/program files (x86)/gnu arm embedded toolchain/10 2021.10/bin/../lib/gcc/arm-none-eabi/10.3.1/../../../../arm-none-eabi/lib/thumb/v8-m.base/nofp/rdimon-crt0.o (memset)
c:/program files (x86)/gnu arm embedded toolchain/10 2021.10/bin/../lib/gcc/arm-none-eabi/10.3.1/../../../../arm-none-eabi/lib/thumb/v8-m.base/nofp\libg_nano.a(lib_a-sprintf.o)
                              ./src/DLTProtocol.o (sprintf)
c:/program files (x86)/gnu arm embedded toolchain/10 2021.10/bin/../lib/gcc/arm-none-eabi/10.3.1/../../../../arm-none-eabi/lib/thumb/v8-m.base/nofp\libg_nano.a(lib_a-strcat.o)
                              ./src/DLTProtocol.o (strcat)
c:/program files (x86)/gnu arm embedded toolchain/10 2021.10/bin/../lib/gcc/arm-none-eabi/10.3.1/../../../../arm-none-eabi/lib/thumb/v8-m.base/nofp\libg_nano.a(lib_a-strlen.o)
                              ./src/gsm.o (strlen)
c:/program files (x86)/gnu arm embedded toolchain/10 2021.10/bin/../lib/gcc/arm-none-eabi/10.3.1/../../../../arm-none-eabi/lib/thumb/v8-m.base/nofp\libg_nano.a(lib_a-strstr.o)
                              ./src/DLTProtocol.o (strstr)
[...]
Memory Configuration

Name             Origin             Length             Attributes
FLASH            0x00001900         0x0000f700         xr
RAM              0x20004000         0x00004000         xrw
DATA_FLASH       0x40100000         0x00001000         xr
QSPI_FLASH       0x60000000         0x00000000         xr
OSPI_DEVICE_0    0x68000000         0x00000000         xr
OSPI_DEVICE_1    0x70000000         0x00000000         xr
SDRAM            0x90000000         0x00000000         xrw
OPTION_SETTING   0x00000000         0x00000000         r
OPTION_SETTING_S 0x00000000         0x00000000         r
ID_CODE          0x01010018         0x00000020         xr
*default*        0x00000000         0xffffffff

Linker script and memory map

LOAD c:/program files (x86)/gnu arm embedded toolchain/10 2021.10/bin/../lib/gcc/arm-none-eabi/10.3.1/thumb/v8-m.base/nofp/crti.o
LOAD c:/program files (x86)/gnu arm embedded toolchain/10 2021.10/bin/../lib/gcc/arm-none-eabi/10.3.1/thumb/v8-m.base/nofp/crtbegin.o
LOAD c:/program files (x86)/gnu arm embedded toolchain/10 2021.10/bin/../lib/gcc/arm-none-eabi/10.3.1/../../../../arm-none-eabi/lib/thumb/v8-m.base/nofp/rdimon-crt0.o
START GROUP
LOAD ./src/DLTProtocol.o
LOAD ./src/PulserProtocol.o
LOAD ./src/crc.o
LOAD ./src/flash_lp_ep.o
LOAD ./src/gsm.o
LOAD ./src/hal_entry.o
LOAD ./src/srec2bin.o
LOAD ./src/uart_LTE.o
LOAD ./src/utils.o
LOAD ./ra_gen/common_data.o
LOAD ./ra_gen/hal_data.o
LOAD ./ra_gen/main.o
LOAD ./ra_gen/pin_data.o
LOAD ./ra_gen/vector_data.o
LOAD ./ra/fsp/src/r_wdt/r_wdt.o
LOAD ./ra/fsp/src/r_sci_uart/r_sci_uart.o
LOAD ./ra/fsp/src/r_rtc/r_rtc.o
LOAD ./ra/fsp/src/r_lvd/r_lvd.o
LOAD ./ra/fsp/src/r_lpm/r_lpm.o
LOAD ./ra/fsp/src/r_ioport/r_ioport.o
LOAD ./ra/fsp/src/r_icu/r_icu.o
LOAD ./ra/fsp/src/r_flash_lp/r_flash_lp.o
LOAD ./ra/fsp/src/r_cgc/r_cgc.o
LOAD ./ra/fsp/src/r_agt/r_agt.o
LOAD ./ra/fsp/src/r_adc/r_adc.o
LOAD ./ra/fsp/src/bsp/mcu/all/bsp_clocks.o
LOAD ./ra/fsp/src/bsp/mcu/all/bsp_common.o
LOAD ./ra/fsp/src/bsp/mcu/all/bsp_delay.o
LOAD ./ra/fsp/src/bsp/mcu/all/bsp_group_irq.o
LOAD ./ra/fsp/src/bsp/mcu/all/bsp_guard.o
LOAD ./ra/fsp/src/bsp/mcu/all/bsp_io.o
LOAD ./ra/fsp/src/bsp/mcu/all/bsp_irq.o
LOAD ./ra/fsp/src/bsp/mcu/all/bsp_register_protection.o
LOAD ./ra/fsp/src/bsp/mcu/all/bsp_rom_registers.o
LOAD ./ra/fsp/src/bsp/mcu/all/bsp_sbrk.o
LOAD ./ra/fsp/src/bsp/mcu/all/bsp_security.o
LOAD ./ra/fsp/src/bsp/cmsis/Device/RENESAS/Source/startup.o
LOAD ./ra/fsp/src/bsp/cmsis/Device/RENESAS/Source/system.o
LOAD ./ra/board/ra2e1_ek/board_init.o
LOAD ./ra/board/ra2e1_ek/board_leds.o
END GROUP
START GROUP
LOAD c:/program files (x86)/gnu arm embedded toolchain/10 2021.10/bin/../lib/gcc/arm-none-eabi/10.3.1/thumb/v8-m.base/nofp\libgcc.a
LOAD c:/program files (x86)/gnu arm embedded toolchain/10 2021.10/bin/../lib/gcc/arm-none-eabi/10.3.1/../../../../arm-none-eabi/lib/thumb/v8-m.base/nofp\libg_nano.a
LOAD c:/program files (x86)/gnu arm embedded toolchain/10 2021.10/bin/../lib/gcc/arm-none-eabi/10.3.1/../../../../arm-none-eabi/lib/thumb/v8-m.base/nofp\libc_nano.a
END GROUP
START GROUP
LOAD c:/program files (x86)/gnu arm embedded toolchain/10 2021.10/bin/../lib/gcc/arm-none-eabi/10.3.1/thumb/v8-m.base/nofp\libgcc.a
LOAD c:/program files (x86)/gnu arm embedded toolchain/10 2021.10/bin/../lib/gcc/arm-none-eabi/10.3.1/../../../../arm-none-eabi/lib/thumb/v8-m.base/nofp\libc_nano.a
LOAD c:/program files (x86)/gnu arm embedded toolchain/10 2021.10/bin/../lib/gcc/arm-none-eabi/10.3.1/../../../../arm-none-eabi/lib/thumb/v8-m.base/nofp\librdimon_nano.a
END GROUP
START GROUP
LOAD c:/program files (x86)/gnu arm embedded toolchain/10 2021.10/bin/../lib/gcc/arm-none-eabi/10.3.1/thumb/v8-m.base/nofp\libgcc.a
LOAD c:/program files (x86)/gnu arm embedded toolchain/10 2021.10/bin/../lib/gcc/arm-none-eabi/10.3.1/../../../../arm-none-eabi/lib/thumb/v8-m.base/nofp\libc_nano.a
LOAD c:/program files (x86)/gnu arm embedded toolchain/10 2021.10/bin/../lib/gcc/arm-none-eabi/10.3.1/../../../../arm-none-eabi/lib/thumb/v8-m.base/nofp\librdimon_nano.a
END GROUP
LOAD c:/program files (x86)/gnu arm embedded toolchain/10 2021.10/bin/../lib/gcc/arm-none-eabi/10.3.1/thumb/v8-m.base/nofp/crtend.o
LOAD c:/program files (x86)/gnu arm embedded toolchain/10 2021.10/bin/../lib/gcc/arm-none-eabi/10.3.1/thumb/v8-m.base/nofp/crtn.o
                0x20004000                RAM_START = 0x20004000
                0x00004000                RAM_LENGTH = 0x4000
                0x00000000                FLASH_START = 0x0
                0x00020000                FLASH_LENGTH = 0x20000
                0x40100000                DATA_FLASH_START = 0x40100000
                0x00001000                DATA_FLASH_LENGTH = 0x1000
                0x00000000                OPTION_SETTING_START = 0x0
                0x00000000                OPTION_SETTING_LENGTH = 0x0
                0x00000000                OPTION_SETTING_S_START = 0x0
                0x00000000                OPTION_SETTING_S_LENGTH = 0x0
                0x01010018                ID_CODE_START = 0x1010018
                0x00000020                ID_CODE_LENGTH = 0x20
                0x90000000                SDRAM_START = 0x90000000
                0x00000000                SDRAM_LENGTH = 0x0
                0x60000000                QSPI_FLASH_START = 0x60000000
                0x00000000                QSPI_FLASH_LENGTH = 0x0
                0x68000000                OSPI_DEVICE_0_START = 0x68000000
                0x00000000                OSPI_DEVICE_0_LENGTH = 0x0
                0x70000000                OSPI_DEVICE_1_START = 0x70000000
                0x00000000                OSPI_DEVICE_1_LENGTH = 0x0
                0x00011000                FLASH_NS_IMAGE_START = 0x11000
                0x00011000                FLASH_NSC_START = 0x11000
                0x20008000                RAM_NSC_START = 0x20008000
                0x00000001                FSP_BOOTABLE_IMAGE = 0x1
                0x20008000                RAM_NS_START = 0x20008000
                0x0000f700                FLASH_IMAGE_LENGTH = 0xf700
                0x00011000                FLASH_NS_START = 0x11000
                0x00011000                FLASH_IMAGE_END = 0x11000
                0x00001900                FLASH_IMAGE_START = 0x1900
                0x00000000                QSPI_FLASH_PRV_LENGTH = DEFINED (QSPI_FLASH_SIZE)?ABSOLUTE (QSPI_FLASH_SIZE):ABSOLUTE (QSPI_FLASH_LENGTH)
                0x00000000                OSPI_DEVICE_0_PRV_LENGTH = DEFINED (OSPI_DEVICE_0_SIZE)?ABSOLUTE (OSPI_DEVICE_0_SIZE):ABSOLUTE (OSPI_DEVICE_0_LENGTH)
                0x00000000                OSPI_DEVICE_1_PRV_LENGTH = DEFINED (OSPI_DEVICE_1_SIZE)?ABSOLUTE (OSPI_DEVICE_1_SIZE):ABSOLUTE (OSPI_DEVICE_1_LENGTH)
                0x00000000                __RESERVE_NS_RAM = ((! (DEFINED (PROJECT_NONSECURE)) && DEFINED (RAM_NS_BUFFER_LENGTH)) && (OPTION_SETTING_S_LENGTH != 0x0))
                0x00000000                RAM_NS_BUFFER_BLOCK_LENGTH = DEFINED (RAM_NS_BUFFER_LENGTH)?ALIGN (RAM_NS_BUFFER_LENGTH, 0x2000):0x0
                0x00000000                RAM_NS_BUFFER_LENGTH = DEFINED (RAM_NS_BUFFER_LENGTH)?RAM_NS_BUFFER_LENGTH:0x0
                0x20008000                RAM_NS_BUFFER_START = ((RAM_START + RAM_LENGTH) - RAM_NS_BUFFER_LENGTH)
                0x20008000                RAM_NS_BUFFER_BLOCK_START = ((RAM_START + RAM_LENGTH) - RAM_NS_BUFFER_BLOCK_LENGTH)
                0x0100a180                OPTION_SETTING_START_NS = 0x100a180
                0x00000001                __bl_FSP_BOOTABLE_IMAGE = 0x1
                0x00000001                __bln_FSP_BOOTABLE_IMAGE = 0x1
                0x00000000                PROJECT_SECURE_OR_FLAT = ((! (DEFINED (PROJECT_NONSECURE)) && OPTION_SETTING_LENGTH) && ! (DEFINED (FSP_BOOTABLE_IMAGE)))
                0x00000000                USE_OPTION_SETTING_NS = (DEFINED (PROJECT_NONSECURE) && ! (DEFINED (FSP_BOOTABLE_IMAGE)))
                0x00000000                __bl_FLASH_IMAGE_START = ! (DEFINED (FLASH_BOOTLOADER_LENGTH))?0x0:(FLASH_APPLICATION_IMAGE_NUMBER == 0x1)?(FLASH_BOOTLOADER_LENGTH + FLASH_BOOTLOADER_HEADER_LENGTH):(((FLASH_BOOTLOADER_LENGTH + FLASH_BOOTLOADER_SCRATCH_LENGTH) + FLASH_APPLICATION_S_LENGTH) + FLASH_BOOTLOADER_HEADER_LENGTH)
                0x00000000                __bl_FLASH_IMAGE_LENGTH = ! (DEFINED (FLASH_BOOTLOADER_LENGTH))?0x0:(FLASH_APPLICATION_S_LENGTH - FLASH_BOOTLOADER_HEADER_LENGTH)
                0x00000000                __bl_FLASH_IMAGE_END = (__bl_FLASH_IMAGE_START + __bl_FLASH_IMAGE_LENGTH)
                0x00000000                __bl_FLASH_NS_START = ! (DEFINED (FLASH_BOOTLOADER_LENGTH))?0x0:(FLASH_APPLICATION_NS_LENGTH == 0x0)?__bl_FLASH_IMAGE_END:((__bl_FLASH_IMAGE_START - FLASH_BOOTLOADER_HEADER_LENGTH) + FLASH_APPLICATION_S_LENGTH)
                0x00000000                __bl_FLASH_NSC_START = ! (DEFINED (FLASH_BOOTLOADER_LENGTH))?0x0:(FLASH_APPLICATION_NS_LENGTH == 0x0)?__bl_FLASH_IMAGE_END:(__bl_FLASH_NS_START - FLASH_APPLICATION_NSC_LENGTH)
                0x00000000                __bl_RAM_NS_START = ! (DEFINED (FLASH_BOOTLOADER_LENGTH))?0x0:(FLASH_APPLICATION_NS_LENGTH == 0x0)?(RAM_START + RAM_LENGTH):((RAM_START + RAM_LENGTH) - RAM_APPLICATION_NS_LENGTH)
                0x00000000                __bl_RAM_NSC_START = ! (DEFINED (FLASH_BOOTLOADER_LENGTH))?0x0:(FLASH_APPLICATION_NS_LENGTH == 0x0)?(RAM_START + RAM_LENGTH):(__bl_RAM_NS_START - RAM_APPLICATION_NSC_LENGTH)
                0x00000000                __bl_FLASH_NS_IMAGE_START = ! (DEFINED (FLASH_BOOTLOADER_LENGTH))?0x0:(FLASH_APPLICATION_NS_LENGTH == 0x0)?__bl_FLASH_IMAGE_END:(__bl_FLASH_NS_START + FLASH_BOOTLOADER_HEADER_LENGTH_2)
                0x00000000                __bln_FLASH_IMAGE_START = __bl_FLASH_NS_IMAGE_START
                0x00000000                __bln_FLASH_IMAGE_LENGTH = ! (DEFINED (FLASH_BOOTLOADER_LENGTH))?0x0:(FLASH_APPLICATION_NS_LENGTH == 0x0)?__bl_FLASH_IMAGE_END:(FLASH_APPLICATION_NS_LENGTH - FLASH_BOOTLOADER_HEADER_LENGTH_2)
                0x00001900                FLASH_ORIGIN = DEFINED (FLASH_IMAGE_START)?FLASH_IMAGE_START:FLASH_START
                0x0000f700                LIMITED_FLASH_LENGTH = DEFINED (FLASH_IMAGE_LENGTH)?FLASH_IMAGE_LENGTH:DEFINED (FLASH_BOOTLOADER_LENGTH)?FLASH_BOOTLOADER_LENGTH:FLASH_LENGTH
START GROUP
LOAD c:/program files (x86)/gnu arm embedded toolchain/10 2021.10/bin/../lib/gcc/arm-none-eabi/10.3.1/thumb/v8-m.base/nofp\libgcc.a
LOAD c:/program files (x86)/gnu arm embedded toolchain/10 2021.10/bin/../lib/gcc/arm-none-eabi/10.3.1/../../../../arm-none-eabi/lib/thumb/v8-m.base/nofp\libc.a
LOAD c:/program files (x86)/gnu arm embedded toolchain/10 2021.10/bin/../lib/gcc/arm-none-eabi/10.3.1/../../../../arm-none-eabi/lib/thumb/v8-m.base/nofp\libm.a
LOAD c:/program files (x86)/gnu arm embedded toolchain/10 2021.10/bin/../lib/gcc/arm-none-eabi/10.3.1/../../../../arm-none-eabi/lib/thumb/v8-m.base/nofp\libnosys.a
END GROUP

.text           0x00001900     0xdb4c
                0x00000000                __tz_FLASH_S = ABSOLUTE (FLASH_START)
                0x00001900                __ROM_Start = .
 *(.fixed_vectors*)
 .fixed_vectors
                0x00001900       0x40 ./ra/fsp/src/bsp/cmsis/Device/RENESAS/Source/startup.o
                0x00001900                __Vectors
 *(.application_vectors*)
 .application_vectors
                0x00001940       0x80 ./ra_gen/vector_data.o
                0x00001940                g_vector_table
                0x000019c0                __Vectors_End = .
                0x00001d00                . = (OPTION_SETTING_LENGTH > 0x0)?.:(__ROM_Start + 0x400)
 *fill*         0x000019c0      0x340 ff
 *(.rom_registers*)
                0x00001e00                . = (OPTION_SETTING_LENGTH > 0x0)?.:(__ROM_Start + 0x500)
 *fill*         0x00001d00      0x100 ff
                0x00001e00                . = ALIGN (0x80)
 *(.mcuboot_sce9_key*)
                0x00001e00                . = ALIGN (0x80)
 *(.wmp_firmware_version*)
 .wmp_firmware_version*
                0x00001e00        0x4 ./src/hal_entry.o
                0x00001e00                CurrentFirmwareVersion
 *(.wmp_manufacture_date*)
 .wmp_manufacture_date*
                0x00001e04        0x4 ./src/hal_entry.o
                0x00001e04                firmware_date
 *(.text*)
 .text          0x00001e08       0x50 c:/program files (x86)/gnu arm embedded toolchain/10 2021.10/bin/../lib/gcc/arm-none-eabi/10.3.1/thumb/v8-m.base/nofp/crtbegin.o
 .text.ReadConfigFromSMS
                0x00001e58      0x2e8 ./src/DLTProtocol.o
                0x00001e58                ReadConfigFromSMS
 .text.HandleConfigRxFromMETER
                0x00002140      0x8d0 ./src/DLTProtocol.o
                0x00002140                HandleConfigRxFromMETER
 .text.KeypadReadDltDI
                0x00002a10       0xce ./src/DLTProtocol.o
                0x00002a10                KeypadReadDltDI
 .text.KeypadParseDltRxMsg
                0x00002ade       0xea ./src/DLTProtocol.o
                0x00002ade                KeypadParseDltRxMsg
 .text.SendReadDltRespMsg2Meter
                0x00002bc8      0x2a4 ./src/DLTProtocol.o
                0x00002bc8                SendReadDltRespMsg2Meter
 .text.SendReadGSMDltRespMsg2Meter
                0x00002e6c      0x2a4 ./src/DLTProtocol.o
                0x00002e6c                SendReadGSMDltRespMsg2Meter
 .text.SendACKRespMsg2Meter
                0x00003110      0x1a0 ./src/DLTProtocol.o
                0x00003110                SendACKRespMsg2Meter
 .text.PrintSMSError
                0x000032b0       0x56 ./src/DLTProtocol.o
                0x000032b0                PrintSMSError
 *fill*         0x00003306        0x2 ff
 .text.PP_ExtractDlt
                0x00003308      0xb60 ./src/PulserProtocol.o
                0x00003308                PP_ExtractDlt
 .text.PP_ParseRxMsg
                0x00003e68      0x134 ./src/PulserProtocol.o
                0x00003e68                PP_ParseRxMsg
 .text.PP_SendReqInitalization
                0x00003f9c      0x178 ./src/PulserProtocol.o
                0x00003f9c                PP_SendReqInitalization
 .text.PP_SendDailyData
                0x00004114      0x27a ./src/PulserProtocol.o
                0x00004114                PP_SendDailyData
 .text.PP_SendACK
                0x0000438e      0x214 ./src/PulserProtocol.o
                0x0000438e                PP_SendACK
 .text.PP_SendNACK
                0x000045a2      0x21c ./src/PulserProtocol.o
                0x000045a2                PP_SendNACK
 *fill*         0x000047be        0x2 ff
 .text.PP_ReqConnectionFromServer
                0x000047c0      0x25c ./src/PulserProtocol.o
                0x000047c0                PP_ReqConnectionFromServer
 .text.PP_SendGetParamsRes
                0x00004a1c      0x3a4 ./src/PulserProtocol.o
                0x00004a1c                PP_SendGetParamsRes
 .text.PP_SendUploadPacketRes
                0x00004dc0      0x288 ./src/PulserProtocol.o
                0x00004dc0                PP_SendUploadPacketRes
 .text.PP_SendUploadHeaderRes
                0x00005048      0x21e ./src/PulserProtocol.o
                0x00005048                PP_SendUploadHeaderRes
 .text.PP_GetDI
                0x00005266       0x70 ./src/PulserProtocol.o
                0x00005266                PP_GetDI
 .text.SetCosumptionFromServer
                0x000052d6       0x88 ./src/PulserProtocol.o
                0x000052d6                SetCosumptionFromServer
 .text.SetTimeFromServer
                0x0000535e       0xea ./src/PulserProtocol.o
                0x0000535e                SetTimeFromServer
 .text.SetMeterIdFromServer
                0x00005448      0x16c ./src/PulserProtocol.o
                0x00005448                SetMeterIdFromServer
 .text.SetFactorFromServer
                0x000055b4       0x3a ./src/PulserProtocol.o
                0x000055b4                SetFactorFromServer
 *fill*         0x000055ee        0x2 ff
 .text.SetUploadTimeFromServer
                0x000055f0       0x60 ./src/PulserProtocol.o
                0x000055f0                SetUploadTimeFromServer
 .text.crcCalc  0x00005650       0x7a ./src/crc.o
                0x00005650                crcCalc
 .text.CrcBlockCalc
                0x000056ca       0x66 ./src/crc.o
                0x000056ca                CrcBlockCalc
 .text.__NVIC_SystemReset
                0x00005730       0x24 ./src/flash_lp_ep.o
 .text.FLashCheck
                0x00005754       0xf8 ./src/flash_lp_ep.o
                0x00005754                FLashCheck
 .text.flash_lp_init
                0x0000584c       0x30 ./src/flash_lp_ep.o
                0x0000584c                flash_lp_init
 .text.ResetUpgradeState
                0x0000587c       0x5e ./src/flash_lp_ep.o
                0x0000587c                ResetUpgradeState
 .text.WriteBootStateInFlash
                0x000058da      0x138 ./src/flash_lp_ep.o
                0x000058da                WriteBootStateInFlash
 .text.WriteInternalFlashConfig
                0x00005a12      0x6fc ./src/flash_lp_ep.o
                0x00005a12                WriteInternalFlashConfig
 .text.GetPreviousDailyLoggerFromFlash
                0x0000610e       0x88 ./src/flash_lp_ep.o
                0x0000610e                GetPreviousDailyLoggerFromFlash
 .text.GetDailyLoggerFromFlash
                0x00006196       0xda ./src/flash_lp_ep.o
                0x00006196                GetDailyLoggerFromFlash
 .text.GetDailyLoggerALLFromFlash
                0x00006270       0x3e ./src/flash_lp_ep.o
                0x00006270                GetDailyLoggerALLFromFlash
 .text.flash_lp_code_flash_operations
                0x000062ae      0x1c2 ./src/flash_lp_ep.o
                0x000062ae                flash_lp_code_flash_operations
 .text.flash_lp_wait_for_blankcheck_flag
                0x00006470       0x4a ./src/flash_lp_ep.o
                0x00006470                flash_lp_wait_for_blankcheck_flag
 .text.bgo_callback
                0x000064ba       0x62 ./src/flash_lp_ep.o
                0x000064ba                bgo_callback
 .text.GsmCompleateStatus
                0x0000651c       0x14 ./src/gsm.o
                0x0000651c                GsmCompleateStatus
 .text.ClrGsmCompleate
                0x00006530       0x16 ./src/gsm.o
                0x00006530                ClrGsmCompleate
 .text.SetGsmCompleate
                0x00006546       0x3a ./src/gsm.o
                0x00006546                SetGsmCompleate
 .text.Gsm_Init
                0x00006580       0x3a ./src/gsm.o
                0x00006580                Gsm_Init
 *fill*         0x000065ba        0x2 ff
 .text.Gsm_Handler
                0x000065bc      0x884 ./src/gsm.o
                0x000065bc                Gsm_Handler
 .text.SendSimReady2Modem
                0x00006e40       0x3e ./src/gsm.o
                0x00006e40                SendSimReady2Modem
 .text.CheckSimReadyResp
                0x00006e7e       0x32 ./src/gsm.o
                0x00006e7e                CheckSimReadyResp
 .text.CheckNOCARRIERResp
                0x00006eb0       0x32 ./src/gsm.o
                0x00006eb0                CheckNOCARRIERResp
 .text.CheckErrorResp
                0x00006ee2       0x32 ./src/gsm.o
                0x00006ee2                CheckErrorResp
 .text.CheckCGDCONT_Resp
                0x00006f14       0x32 ./src/gsm.o
                0x00006f14                CheckCGDCONT_Resp
 .text.CheckATE0Resp
                0x00006f46       0x32 ./src/gsm.o
                0x00006f46                CheckATE0Resp
 .text.CheckCGREGResp
                0x00006f78       0x32 ./src/gsm.o
                0x00006f78                CheckCGREGResp
 .text.CheckQIOPENResp
                0x00006faa       0x32 ./src/gsm.o
                0x00006faa                CheckQIOPENResp
 .text.SendCOMMAND_MODE2Modem
                0x00006fdc       0x3e ./src/gsm.o
                0x00006fdc                SendCOMMAND_MODE2Modem
 *fill*         0x0000701a        0x2 ff
 .text.SendQIOPEN2Modem
                0x0000701c      0x104 ./src/gsm.o
                0x0000701c                SendQIOPEN2Modem
 .text.SendQICLOSE2Modem
                0x00007120       0x42 ./src/gsm.o
                0x00007120                SendQICLOSE2Modem
 *fill*         0x00007162        0x2 ff
 .text.SendConfig2Modem
                0x00007164      0x100 ./src/gsm.o
                0x00007164                SendConfig2Modem
 .text.SendATE02Modem
                0x00007264       0x3e ./src/gsm.o
                0x00007264                SendATE02Modem
 .text.SendCGREG2Modem
                0x000072a2       0x40 ./src/gsm.o
                0x000072a2                SendCGREG2Modem
 .text.SendQIACT_REQ2Modem
                0x000072e2       0x40 ./src/gsm.o
                0x000072e2                SendQIACT_REQ2Modem
 .text.SendQIACT_SET2Modem
                0x00007322       0x42 ./src/gsm.o
                0x00007322                SendQIACT_SET2Modem
 .text.ReadSmsMsg
                0x00007364       0x3a ./src/gsm.o
                0x00007364                ReadSmsMsg
 .text.DelSmsMsg
                0x0000739e       0x32 ./src/gsm.o
                0x0000739e                DelSmsMsg
 .text.SendATD  0x000073d0       0x32 ./src/gsm.o
                0x000073d0                SendATD
 .text.CheckQIACT_SETResp
                0x00007402       0x32 ./src/gsm.o
                0x00007402                CheckQIACT_SETResp
 .text.CheckQIACT_REQResp
                0x00007434       0x32 ./src/gsm.o
                0x00007434                CheckQIACT_REQResp
 .text.modem_SW_reset
                0x00007466       0x5a ./src/gsm.o
                0x00007466                modem_SW_reset
 .text.SetSMSconfig
                0x000074c0       0xc4 ./src/gsm.o
                0x000074c0                SetSMSconfig
 .text.sendsmstest
                0x00007584      0x28c ./src/gsm.o
                0x00007584                sendsmstest
 .text.R_BSP_PinWrite
                0x00007810       0x7e ./src/hal_entry.o
 .text.R_BSP_PinAccessEnable
                0x0000788e       0x6e ./src/hal_entry.o
 .text.R_BSP_PinAccessDisable
                0x000078fc       0x7a ./src/hal_entry.o
 .text.hal_entry
                0x00007976      0x35a ./src/hal_entry.o
                0x00007976                hal_entry
 .text.HourProcess
                0x00007cd0      0x294 ./src/hal_entry.o
                0x00007cd0                HourProcess
 .text.modemProcess
                0x00007f64      0x116 ./src/hal_entry.o
                0x00007f64                modemProcess
 .text.R_BSP_WarmStart
                0x0000807a       0x4a ./src/hal_entry.o
                0x0000807a                R_BSP_WarmStart
 .text.Pulse_int_callback
                0x000080c4       0xe6 ./src/hal_entry.o
                0x000080c4                Pulse_int_callback
 .text.yos1_rtc_callback
                0x000081aa       0x22 ./src/hal_entry.o
                0x000081aa                yos1_rtc_callback
 .text.ModemSequence
                0x000081cc      0x230 ./src/hal_entry.o
                0x000081cc                ModemSequence
 .text.ToggleLeds
                0x000083fc       0x58 ./src/hal_entry.o
                0x000083fc                ToggleLeds
 .text.SetLed   0x00008454       0x68 ./src/hal_entry.o
                0x00008454                SetLed
 .text.EnterDefaultConfig
                0x000084bc      0x284 ./src/hal_entry.o
                0x000084bc                EnterDefaultConfig
 .text.Battery_low_callback
                0x00008740       0x30 ./src/hal_entry.o
                0x00008740                Battery_low_callback
 .text.magnet_detect_irq_callback
                0x00008770       0x22 ./src/hal_entry.o
                0x00008770                magnet_detect_irq_callback
 .text.RTC_Alarm_Set
                0x00008792       0x68 ./src/hal_entry.o
                0x00008792                RTC_Alarm_Set
 .text.EnterDefaultTime
                0x000087fa       0x22 ./src/hal_entry.o
                0x000087fa                EnterDefaultTime
 .text.Adc_Comp_callback
                0x0000881c       0x2a ./src/hal_entry.o
                0x0000881c                Adc_Comp_callback
 .text.Start_ADC_VBAT
                0x00008846       0x90 ./src/hal_entry.o
                0x00008846                Start_ADC_VBAT
 .text.ResetConsumptionData
                0x000088d6      0x13a ./src/hal_entry.o
                0x000088d6                ResetConsumptionData
 .text.StartWMP_lpm
                0x00008a10       0xea ./src/hal_entry.o
                0x00008a10                StartWMP_lpm
 .text.ClearflashBlock_Data
                0x00008afa       0x2a ./src/srec2bin.o
                0x00008afa                ClearflashBlock_Data
 .text.PrepareFlashProgramming
                0x00008b24       0x1a ./src/srec2bin.o
                0x00008b24                PrepareFlashProgramming
 .text.ReadBlockOtap
                0x00008b3e       0xf8 ./src/srec2bin.o
                0x00008b3e                ReadBlockOtap
 .text.RM_MCUBOOT_PORT_BootApp
                0x00008c36       0x4a ./src/srec2bin.o
                0x00008c36                RM_MCUBOOT_PORT_BootApp
 .text.start_app
                0x00008c80       0x20 ./src/srec2bin.o
 .text.Uarts_Initialize
                0x00008ca0       0x4c ./src/uart_LTE.o
                0x00008ca0                Uarts_Initialize
 .text.Uarts_Close
                0x00008cec       0x38 ./src/uart_LTE.o
                0x00008cec                Uarts_Close
 .text.Debug_uart_callback
                0x00008d24       0x78 ./src/uart_LTE.o
                0x00008d24                Debug_uart_callback
 .text.LTE_Uart_callback
                0x00008d9c       0x72 ./src/uart_LTE.o
                0x00008d9c                LTE_Uart_callback
 .text.Pulser_timer_generic_callback
                0x00008e0e      0x202 ./src/uart_LTE.o
                0x00008e0e                Pulser_timer_generic_callback
 .text.SendData2Modem
                0x00009010       0x2e ./src/uart_LTE.o
                0x00009010                SendData2Modem
 .text.SendData2Meter
                0x0000903e       0x2e ./src/uart_LTE.o
                0x0000903e                SendData2Meter
 .text.ConvertHex2BCD
                0x0000906c       0x6c ./src/utils.o
                0x0000906c                ConvertHex2BCD
 .text.ConvertBCD2Hex
                0x000090d8       0x60 ./src/utils.o
                0x000090d8                ConvertBCD2Hex
 .text.main     0x00009138       0x10 ./ra_gen/main.o
                0x00009138                main
 .text.R_FSP_CurrentIrqGet
                0x00009148       0x2a ./ra/fsp/src/r_sci_uart/r_sci_uart.o
 .text.R_FSP_IsrContextSet
                0x00009172       0x2a ./ra/fsp/src/r_sci_uart/r_sci_uart.o
 .text.R_BSP_IrqStatusClear
                0x0000919c       0x34 ./ra/fsp/src/r_sci_uart/r_sci_uart.o
 .text.R_BSP_IrqClearPending
                0x000091d0       0x4c ./ra/fsp/src/r_sci_uart/r_sci_uart.o
 .text.R_BSP_IrqCfg
                0x0000921c       0x88 ./ra/fsp/src/r_sci_uart/r_sci_uart.o
 .text.R_BSP_IrqEnableNoClear
                0x000092a4       0x3e ./ra/fsp/src/r_sci_uart/r_sci_uart.o
 .text.R_BSP_IrqEnable
                0x000092e2       0x2c ./ra/fsp/src/r_sci_uart/r_sci_uart.o
 .text.R_BSP_IrqDisable
                0x0000930e       0x4c ./ra/fsp/src/r_sci_uart/r_sci_uart.o
 .text.R_FSP_IsrContextGet
                0x0000935a       0x26 ./ra/fsp/src/r_sci_uart/r_sci_uart.o
 .text.R_SCI_UART_Open
                0x00009380      0x1ce ./ra/fsp/src/r_sci_uart/r_sci_uart.o
                0x00009380                R_SCI_UART_Open
 .text.R_SCI_UART_Close
                0x0000954e       0xb2 ./ra/fsp/src/r_sci_uart/r_sci_uart.o
                0x0000954e                R_SCI_UART_Close
 .text.R_SCI_UART_Write
                0x00009600       0x9c ./ra/fsp/src/r_sci_uart/r_sci_uart.o
                0x00009600                R_SCI_UART_Write
 .text.r_sci_uart_config_set
                0x0000969c      0x104 ./ra/fsp/src/r_sci_uart/r_sci_uart.o
 .text.r_sci_irq_cfg
                0x000097a0       0x4a ./ra/fsp/src/r_sci_uart/r_sci_uart.o
 .text.r_sci_irqs_cfg
                0x000097ea       0x5a ./ra/fsp/src/r_sci_uart/r_sci_uart.o
 .text.r_sci_uart_baud_set
                0x00009844       0x5e ./ra/fsp/src/r_sci_uart/r_sci_uart.o
 .text.r_sci_uart_call_callback
                0x000098a2       0x78 ./ra/fsp/src/r_sci_uart/r_sci_uart.o
 *fill*         0x0000991a        0x2 ff
 .text.sci_uart_txi_isr
                0x0000991c       0xe4 ./ra/fsp/src/r_sci_uart/r_sci_uart.o
                0x0000991c                sci_uart_txi_isr
 .text.sci_uart_rxi_isr
                0x00009a00       0xc4 ./ra/fsp/src/r_sci_uart/r_sci_uart.o
                0x00009a00                sci_uart_rxi_isr
 .text.sci_uart_tei_isr
                0x00009ac4       0x54 ./ra/fsp/src/r_sci_uart/r_sci_uart.o
                0x00009ac4                sci_uart_tei_isr
 .text.sci_uart_eri_isr
                0x00009b18       0xc0 ./ra/fsp/src/r_sci_uart/r_sci_uart.o
                0x00009b18                sci_uart_eri_isr
 .text.__NVIC_GetEnableIRQ
                0x00009bd8       0x46 ./ra/fsp/src/r_rtc/r_rtc.o
 .text.R_FSP_CurrentIrqGet
                0x00009c1e       0x2a ./ra/fsp/src/r_rtc/r_rtc.o
 .text.R_FSP_IsrContextSet
                0x00009c48       0x2a ./ra/fsp/src/r_rtc/r_rtc.o
 *fill*         0x00009c72        0x2 ff
 .text.R_BSP_IrqStatusClear
                0x00009c74       0x34 ./ra/fsp/src/r_rtc/r_rtc.o
 .text.R_BSP_IrqClearPending
                0x00009ca8       0x4c ./ra/fsp/src/r_rtc/r_rtc.o
 .text.R_BSP_IrqCfg
                0x00009cf4       0x88 ./ra/fsp/src/r_rtc/r_rtc.o
 .text.R_BSP_IrqEnableNoClear
                0x00009d7c       0x3e ./ra/fsp/src/r_rtc/r_rtc.o
 .text.R_BSP_IrqEnable
                0x00009dba       0x2c ./ra/fsp/src/r_rtc/r_rtc.o
 .text.R_BSP_IrqDisable
                0x00009de6       0x4c ./ra/fsp/src/r_rtc/r_rtc.o
 .text.R_FSP_IsrContextGet
                0x00009e32       0x26 ./ra/fsp/src/r_rtc/r_rtc.o
 .text.R_RTC_Open
                0x00009e58       0x92 ./ra/fsp/src/r_rtc/r_rtc.o
                0x00009e58                R_RTC_Open
 .text.R_RTC_Close
                0x00009eea       0xae ./ra/fsp/src/r_rtc/r_rtc.o
                0x00009eea                R_RTC_Close
 .text.R_RTC_CalendarTimeSet
                0x00009f98       0xf4 ./ra/fsp/src/r_rtc/r_rtc.o
                0x00009f98                R_RTC_CalendarTimeSet
 .text.R_RTC_CalendarTimeGet
                0x0000a08c      0x130 ./ra/fsp/src/r_rtc/r_rtc.o
                0x0000a08c                R_RTC_CalendarTimeGet
 .text.R_RTC_CalendarAlarmSet
                0x0000a1bc      0x248 ./ra/fsp/src/r_rtc/r_rtc.o
                0x0000a1bc                R_RTC_CalendarAlarmSet
 .text.r_rtc_start_bit_update
                0x0000a404       0x5a ./ra/fsp/src/r_rtc/r_rtc.o
 .text.r_rtc_software_reset
                0x0000a45e       0x36 ./ra/fsp/src/r_rtc/r_rtc.o
 .text.r_rtc_set_clock_source
                0x0000a494       0xac ./ra/fsp/src/r_rtc/r_rtc.o
 .text.r_rtc_config_rtc_interrupts
                0x0000a540       0x6c ./ra/fsp/src/r_rtc/r_rtc.o
 .text.r_rtc_irq_set
                0x0000a5ac       0xa6 ./ra/fsp/src/r_rtc/r_rtc.o
 .text.r_rtc_call_callback
                0x0000a652       0x5e ./ra/fsp/src/r_rtc/r_rtc.o
 .text.r_rtc_error_adjustment_set
                0x0000a6b0      0x17c ./ra/fsp/src/r_rtc/r_rtc.o
 .text.rtc_alarm_periodic_isr
                0x0000a82c       0x68 ./ra/fsp/src/r_rtc/r_rtc.o
                0x0000a82c                rtc_alarm_periodic_isr
 .text.rtc_carry_isr
                0x0000a894       0x3a ./ra/fsp/src/r_rtc/r_rtc.o
                0x0000a894                rtc_carry_isr
 .text.rtc_dec_to_bcd
                0x0000a8ce       0x48 ./ra/fsp/src/r_rtc/r_rtc.o
 .text.rtc_bcd_to_dec
                0x0000a916       0x34 ./ra/fsp/src/r_rtc/r_rtc.o
 .text.R_FSP_CurrentIrqGet
                0x0000a94a       0x2a ./ra/fsp/src/r_lvd/r_lvd.o
 .text.R_FSP_IsrContextSet
                0x0000a974       0x2a ./ra/fsp/src/r_lvd/r_lvd.o
 *fill*         0x0000a99e        0x2 ff
 .text.R_BSP_IrqStatusClear
                0x0000a9a0       0x34 ./ra/fsp/src/r_lvd/r_lvd.o
 .text.R_BSP_IrqClearPending
                0x0000a9d4       0x4c ./ra/fsp/src/r_lvd/r_lvd.o
 .text.R_BSP_IrqCfg
                0x0000aa20       0x88 ./ra/fsp/src/r_lvd/r_lvd.o
 .text.R_BSP_IrqEnableNoClear
                0x0000aaa8       0x3e ./ra/fsp/src/r_lvd/r_lvd.o
 .text.R_BSP_IrqEnable
                0x0000aae6       0x2c ./ra/fsp/src/r_lvd/r_lvd.o
 .text.R_BSP_IrqCfgEnable
                0x0000ab12       0x36 ./ra/fsp/src/r_lvd/r_lvd.o
 .text.R_FSP_IsrContextGet
                0x0000ab48       0x26 ./ra/fsp/src/r_lvd/r_lvd.o
 .text.R_LVD_Open
                0x0000ab6e       0x5e ./ra/fsp/src/r_lvd/r_lvd.o
                0x0000ab6e                R_LVD_Open
 .text.R_LVD_StatusGet
                0x0000abcc       0x78 ./ra/fsp/src/r_lvd/r_lvd.o
                0x0000abcc                R_LVD_StatusGet
 .text.r_lvd_hw_configure
                0x0000ac44      0x248 ./ra/fsp/src/r_lvd/r_lvd.o
 .text.lvd_common_isr_handler
                0x0000ae8c       0xa6 ./ra/fsp/src/r_lvd/r_lvd.o
 .text.lvd_lvd_isr
                0x0000af32       0x38 ./ra/fsp/src/r_lvd/r_lvd.o
                0x0000af32                lvd_lvd_isr
 .text.lvd_nmi_handler
                0x0000af6a       0x2c ./ra/fsp/src/r_lvd/r_lvd.o
 .text.R_LPM_Open
                0x0000af96       0x3e ./ra/fsp/src/r_lpm/r_lpm.o
                0x0000af96                R_LPM_Open
 .text.R_LPM_LowPowerModeEnter
                0x0000afd4       0x26 ./ra/fsp/src/r_lpm/r_lpm.o
                0x0000afd4                R_LPM_LowPowerModeEnter
 .text.r_lpm_configure
                0x0000affa       0xe6 ./ra/fsp/src/r_lpm/r_lpm.o
 .text.r_lpm_check_clocks
                0x0000b0e0       0x42 ./ra/fsp/src/r_lpm/r_lpm.o
 .text.r_lpm_low_power_enter
                0x0000b122       0xc2 ./ra/fsp/src/r_lpm/r_lpm.o
 .text.r_lpm_wait_for_operating_mode_flags
                0x0000b1e4       0x3c ./ra/fsp/src/r_lpm/r_lpm.o
 .text.R_BSP_PinRead
                0x0000b220       0x3c ./ra/fsp/src/r_ioport/r_ioport.o
 .text.R_BSP_PinAccessEnable
                0x0000b25c       0x6e ./ra/fsp/src/r_ioport/r_ioport.o
 .text.R_BSP_PinAccessDisable
                0x0000b2ca       0x7a ./ra/fsp/src/r_ioport/r_ioport.o
 .text.R_IOPORT_Open
                0x0000b344       0x2c ./ra/fsp/src/r_ioport/r_ioport.o
                0x0000b344                R_IOPORT_Open
 .text.R_IOPORT_Close
                0x0000b370       0x1c ./ra/fsp/src/r_ioport/r_ioport.o
                0x0000b370                R_IOPORT_Close
 .text.R_IOPORT_PinsCfg
                0x0000b38c       0x1c ./ra/fsp/src/r_ioport/r_ioport.o
                0x0000b38c                R_IOPORT_PinsCfg
 .text.R_IOPORT_PinCfg
                0x0000b3a8       0x32 ./ra/fsp/src/r_ioport/r_ioport.o
                0x0000b3a8                R_IOPORT_PinCfg
 .text.R_IOPORT_PinRead
                0x0000b3da       0x2e ./ra/fsp/src/r_ioport/r_ioport.o
                0x0000b3da                R_IOPORT_PinRead
 .text.R_IOPORT_PortRead
                0x0000b408       0x42 ./ra/fsp/src/r_ioport/r_ioport.o
                0x0000b408                R_IOPORT_PortRead
 .text.R_IOPORT_PortWrite
                0x0000b44a       0x86 ./ra/fsp/src/r_ioport/r_ioport.o
                0x0000b44a                R_IOPORT_PortWrite
 .text.R_IOPORT_PinWrite
                0x0000b4d0       0xaa ./ra/fsp/src/r_ioport/r_ioport.o
                0x0000b4d0                R_IOPORT_PinWrite
 .text.R_IOPORT_PortDirectionSet
                0x0000b57a       0x88 ./ra/fsp/src/r_ioport/r_ioport.o
                0x0000b57a                R_IOPORT_PortDirectionSet
 .text.R_IOPORT_PortEventInputRead
                0x0000b602       0x44 ./ra/fsp/src/r_ioport/r_ioport.o
                0x0000b602                R_IOPORT_PortEventInputRead
 .text.R_IOPORT_PinEventInputRead
                0x0000b646       0x7a ./ra/fsp/src/r_ioport/r_ioport.o
                0x0000b646                R_IOPORT_PinEventInputRead
 .text.R_IOPORT_PortEventOutputWrite
                0x0000b6c0       0x86 ./ra/fsp/src/r_ioport/r_ioport.o
                0x0000b6c0                R_IOPORT_PortEventOutputWrite
 .text.R_IOPORT_PinEventOutputWrite
                0x0000b746       0x9a ./ra/fsp/src/r_ioport/r_ioport.o
                0x0000b746                R_IOPORT_PinEventOutputWrite
 .text.R_IOPORT_EthernetModeCfg
                0x0000b7e0       0x22 ./ra/fsp/src/r_ioport/r_ioport.o
                0x0000b7e0                R_IOPORT_EthernetModeCfg
 .text.r_ioport_pins_config
                0x0000b802       0x64 ./ra/fsp/src/r_ioport/r_ioport.o
 *fill*         0x0000b866        0x2 ff
 .text.r_ioport_hw_pin_event_output_data_write
                0x0000b868       0xa0 ./ra/fsp/src/r_ioport/r_ioport.o
 .text.r_ioport_pfs_write
                0x0000b908       0x98 ./ra/fsp/src/r_ioport/r_ioport.o
 .text.R_FSP_CurrentIrqGet
                0x0000b9a0       0x2a ./ra/fsp/src/r_icu/r_icu.o
 .text.R_FSP_IsrContextSet
                0x0000b9ca       0x2a ./ra/fsp/src/r_icu/r_icu.o
 .text.R_BSP_IrqStatusClear
                0x0000b9f4       0x34 ./ra/fsp/src/r_icu/r_icu.o
 .text.R_BSP_IrqClearPending
                0x0000ba28       0x4c ./ra/fsp/src/r_icu/r_icu.o
 .text.R_BSP_IrqCfg
                0x0000ba74       0x88 ./ra/fsp/src/r_icu/r_icu.o
 .text.R_BSP_IrqEnableNoClear
                0x0000bafc       0x3e ./ra/fsp/src/r_icu/r_icu.o
 .text.R_BSP_IrqEnable
                0x0000bb3a       0x2c ./ra/fsp/src/r_icu/r_icu.o
 .text.R_BSP_IrqDisable
                0x0000bb66       0x4c ./ra/fsp/src/r_icu/r_icu.o
 .text.R_FSP_IsrContextGet
                0x0000bbb2       0x26 ./ra/fsp/src/r_icu/r_icu.o
 .text.R_ICU_ExternalIrqOpen
                0x0000bbd8       0xf6 ./ra/fsp/src/r_icu/r_icu.o
                0x0000bbd8                R_ICU_ExternalIrqOpen
 .text.R_ICU_ExternalIrqEnable
                0x0000bcce       0x22 ./ra/fsp/src/r_icu/r_icu.o
                0x0000bcce                R_ICU_ExternalIrqEnable
 .text.R_ICU_ExternalIrqDisable
                0x0000bcf0       0x22 ./ra/fsp/src/r_icu/r_icu.o
                0x0000bcf0                R_ICU_ExternalIrqDisable
 .text.r_icu_isr
                0x0000bd12       0x9c ./ra/fsp/src/r_icu/r_icu.o
                0x0000bd12                r_icu_isr
 .text.R_FSP_CurrentIrqGet
                0x0000bdae       0x2a ./ra/fsp/src/r_flash_lp/r_flash_lp.o
 .text.R_FSP_SystemClockHzGet
                0x0000bdd8       0x4e ./ra/fsp/src/r_flash_lp/r_flash_lp.o
 .text.R_FSP_IsrContextSet
                0x0000be26       0x2a ./ra/fsp/src/r_flash_lp/r_flash_lp.o
 .text.R_BSP_IrqStatusClear
                0x0000be50       0x34 ./ra/fsp/src/r_flash_lp/r_flash_lp.o
 .text.R_BSP_IrqClearPending
                0x0000be84       0x4c ./ra/fsp/src/r_flash_lp/r_flash_lp.o
 .text.R_BSP_IrqCfg
                0x0000bed0       0x88 ./ra/fsp/src/r_flash_lp/r_flash_lp.o
 .text.R_BSP_IrqEnableNoClear
                0x0000bf58       0x3e ./ra/fsp/src/r_flash_lp/r_flash_lp.o
 .text.R_BSP_IrqEnable
                0x0000bf96       0x2c ./ra/fsp/src/r_flash_lp/r_flash_lp.o
 .text.R_BSP_IrqDisable
                0x0000bfc2       0x4c ./ra/fsp/src/r_flash_lp/r_flash_lp.o
 .text.R_BSP_IrqCfgEnable
                0x0000c00e       0x36 ./ra/fsp/src/r_flash_lp/r_flash_lp.o
 .text.R_FSP_IsrContextGet
                0x0000c044       0x26 ./ra/fsp/src/r_flash_lp/r_flash_lp.o
 .text.R_FLASH_LP_Open
                0x0000c06a       0x78 ./ra/fsp/src/r_flash_lp/r_flash_lp.o
                0x0000c06a                R_FLASH_LP_Open
 .text.R_FLASH_LP_Write
                0x0000c0e2       0x58 ./ra/fsp/src/r_flash_lp/r_flash_lp.o
                0x0000c0e2                R_FLASH_LP_Write
 .text.R_FLASH_LP_Erase
                0x0000c13a       0x7a ./ra/fsp/src/r_flash_lp/r_flash_lp.o
                0x0000c13a                R_FLASH_LP_Erase
 .text.R_FLASH_LP_BlankCheck
                0x0000c1b4       0x7a ./ra/fsp/src/r_flash_lp/r_flash_lp.o
                0x0000c1b4                R_FLASH_LP_BlankCheck
 .text.R_FLASH_LP_AccessWindowClear
                0x0000c22e       0x2a ./ra/fsp/src/r_flash_lp/r_flash_lp.o
                0x0000c22e                R_FLASH_LP_AccessWindowClear
 .text.r_flash_lp_setup
                0x0000c258       0xa8 ./ra/fsp/src/r_flash_lp/r_flash_lp.o
 .text.r_flash_lp_init
                0x0000c300       0xfa ./ra/fsp/src/r_flash_lp/r_flash_lp.o
 .text.r_flash_lp_df_erase
                0x0000c3fa       0x94 ./ra/fsp/src/r_flash_lp/r_flash_lp.o
 .text.r_flash_lp_df_write
                0x0000c48e       0x96 ./ra/fsp/src/r_flash_lp/r_flash_lp.o
 .text.r_flash_lp_df_write_operation
                0x0000c524       0x6e ./ra/fsp/src/r_flash_lp/r_flash_lp.o
 .text.r_flash_lp_df_write_monitor
                0x0000c592       0x6a ./ra/fsp/src/r_flash_lp/r_flash_lp.o
 .text.r_flash_lp_df_blankcheck
                0x0000c5fc       0x9a ./ra/fsp/src/r_flash_lp/r_flash_lp.o
 .text.r_flash_lp_frdyi_df_bgo_write
                0x0000c696       0x64 ./ra/fsp/src/r_flash_lp/r_flash_lp.o
 .text.r_flash_lp_frdyi_df_bgo_erase
                0x0000c6fa       0x44 ./ra/fsp/src/r_flash_lp/r_flash_lp.o
 .text.r_flash_lp_frdyi_df_bgo_blankcheck
                0x0000c73e       0x66 ./ra/fsp/src/r_flash_lp/r_flash_lp.o
 .text.fcu_frdyi_isr
                0x0000c7a4       0xbe ./ra/fsp/src/r_flash_lp/r_flash_lp.o
                0x0000c7a4                fcu_frdyi_isr
 *fill*         0x0000c862        0x2 ff
 .text.r_flash_lp_df_enter_pe_mode
                0x0000c864       0x58 ./ra/fsp/src/r_flash_lp/r_flash_lp.o
 .text.r_flash_lp_set_fisr
                0x0000c8bc       0x8e ./ra/fsp/src/r_flash_lp/r_flash_lp.o
 .text.R_CGC_Open
                0x0000c94a       0x46 ./ra/fsp/src/r_cgc/r_cgc.o
                0x0000c94a                R_CGC_Open
 .text.R_FSP_CurrentIrqGet
                0x0000c990       0x2a ./ra/fsp/src/r_agt/r_agt.o
 .text.R_FSP_IsrContextSet
                0x0000c9ba       0x2a ./ra/fsp/src/r_agt/r_agt.o
 .text.R_BSP_IrqStatusClear
                0x0000c9e4       0x34 ./ra/fsp/src/r_agt/r_agt.o
 .text.R_BSP_IrqClearPending
                0x0000ca18       0x4c ./ra/fsp/src/r_agt/r_agt.o
 .text.R_BSP_IrqCfg
                0x0000ca64       0x88 ./ra/fsp/src/r_agt/r_agt.o
 .text.R_BSP_IrqEnableNoClear
                0x0000caec       0x3e ./ra/fsp/src/r_agt/r_agt.o
 .text.R_BSP_IrqEnable
                0x0000cb2a       0x2c ./ra/fsp/src/r_agt/r_agt.o
 .text.R_BSP_IrqCfgEnable
                0x0000cb56       0x36 ./ra/fsp/src/r_agt/r_agt.o
 .text.R_FSP_IsrContextGet
                0x0000cb8c       0x26 ./ra/fsp/src/r_agt/r_agt.o
 .text.R_AGT_Open
                0x0000cbb2      0x10a ./ra/fsp/src/r_agt/r_agt.o
                0x0000cbb2                R_AGT_Open
 .text.R_AGT_Start
                0x0000ccbc       0x32 ./ra/fsp/src/r_agt/r_agt.o
                0x0000ccbc                R_AGT_Start
 .text.R_AGT_Stop
                0x0000ccee       0x32 ./ra/fsp/src/r_agt/r_agt.o
                0x0000ccee                R_AGT_Stop
 .text.R_AGT_Enable
                0x0000cd20       0x2e ./ra/fsp/src/r_agt/r_agt.o
                0x0000cd20                R_AGT_Enable
 .text.R_AGT_Disable
                0x0000cd4e       0x1e ./ra/fsp/src/r_agt/r_agt.o
                0x0000cd4e                R_AGT_Disable
 .text.r_agt_common_preamble
                0x0000cd6c       0x36 ./ra/fsp/src/r_agt/r_agt.o
 .text.r_agt_hardware_cfg
                0x0000cda2       0xaa ./ra/fsp/src/r_agt/r_agt.o
 .text.r_agt_period_register_set
                0x0000ce4c       0x44 ./ra/fsp/src/r_agt/r_agt.o
 .text.agt_int_isr
                0x0000ce90       0xda ./ra/fsp/src/r_agt/r_agt.o
                0x0000ce90                agt_int_isr
 .text.R_FSP_CurrentIrqGet
                0x0000cf6a       0x2a ./ra/fsp/src/r_adc/r_adc.o
 .text.R_FSP_IsrContextSet
                0x0000cf94       0x2a ./ra/fsp/src/r_adc/r_adc.o
 *fill*         0x0000cfbe        0x2 ff
 .text.R_BSP_IrqStatusClear
                0x0000cfc0       0x34 ./ra/fsp/src/r_adc/r_adc.o
 .text.R_BSP_IrqClearPending
                0x0000cff4       0x4c ./ra/fsp/src/r_adc/r_adc.o
 .text.R_BSP_IrqCfg
                0x0000d040       0x88 ./ra/fsp/src/r_adc/r_adc.o
 .text.R_BSP_IrqEnableNoClear
                0x0000d0c8       0x3e ./ra/fsp/src/r_adc/r_adc.o
 .text.R_BSP_IrqEnable
                0x0000d106       0x2c ./ra/fsp/src/r_adc/r_adc.o
 .text.R_BSP_IrqCfgEnable
                0x0000d132       0x36 ./ra/fsp/src/r_adc/r_adc.o
 .text.R_FSP_IsrContextGet
                0x0000d168       0x26 ./ra/fsp/src/r_adc/r_adc.o
 .text.R_ADC_Open
                0x0000d18e       0xb6 ./ra/fsp/src/r_adc/r_adc.o
                0x0000d18e                R_ADC_Open
 .text.R_ADC_ScanStart
                0x0000d244       0x20 ./ra/fsp/src/r_adc/r_adc.o
                0x0000d244                R_ADC_ScanStart
 .text.R_ADC_Read
                0x0000d264       0x36 ./ra/fsp/src/r_adc/r_adc.o
                0x0000d264                R_ADC_Read
 .text.r_adc_open_sub
                0x0000d29a      0x15a ./ra/fsp/src/r_adc/r_adc.o
 .text.r_adc_scan_end_common_isr
                0x0000d3f4       0x8e ./ra/fsp/src/r_adc/r_adc.o
 .text.adc_scan_end_isr
                0x0000d482       0x10 ./ra/fsp/src/r_adc/r_adc.o
                0x0000d482                adc_scan_end_isr
 .text.bsp_prv_operating_mode_opccr_set
                0x0000d492       0x94 ./ra/fsp/src/bsp/mcu/all/bsp_clocks.o
 .text.SystemCoreClockUpdate
                0x0000d526       0x48 ./ra/fsp/src/bsp/mcu/all/bsp_clocks.o
                0x0000d526                SystemCoreClockUpdate
 .text.bsp_prv_clock_set_hard_reset
                0x0000d56e       0x44 ./ra/fsp/src/bsp/mcu/all/bsp_clocks.o
 .text.bsp_clock_freq_var_init
                0x0000d5b2       0x60 ./ra/fsp/src/bsp/mcu/all/bsp_clocks.o
 *fill*         0x0000d612        0x2 ff
 .text.bsp_clock_init
                0x0000d614       0xd8 ./ra/fsp/src/bsp/mcu/all/bsp_clocks.o
                0x0000d614                bsp_clock_init
 .text.bsp_init_internal
                0x0000d6ec       0x10 ./ra/fsp/src/bsp/mcu/all/bsp_common.o
                0x0000d6ec                bsp_init_internal
                0x0000d6ec                bsp_init
 .text.R_BSP_SoftwareDelay
                0x0000d6fc       0xb2 ./ra/fsp/src/bsp/mcu/all/bsp_delay.o
                0x0000d6fc                R_BSP_SoftwareDelay
 .text.bsp_prv_software_delay_loop
                0x0000d7ae        0xa ./ra/fsp/src/bsp/mcu/all/bsp_delay.o
                0x0000d7ae                bsp_prv_software_delay_loop
 .text.bsp_group_irq_call
                0x0000d7b8       0x3e ./ra/fsp/src/bsp/mcu/all/bsp_group_irq.o
 .text.R_BSP_GroupIrqWrite
                0x0000d7f6       0x2a ./ra/fsp/src/bsp/mcu/all/bsp_group_irq.o
                0x0000d7f6                R_BSP_GroupIrqWrite
 .text.NMI_Handler
                0x0000d820       0x68 ./ra/fsp/src/bsp/mcu/all/bsp_group_irq.o
                0x0000d820                NMI_Handler
 .text.bsp_irq_cfg
                0x0000d888       0x42 ./ra/fsp/src/bsp/mcu/all/bsp_irq.o
                0x0000d888                bsp_irq_cfg
 *fill*         0x0000d8ca        0x2 ff
 .text.R_BSP_RegisterProtectEnable
                0x0000d8cc       0xc4 ./ra/fsp/src/bsp/mcu/all/bsp_register_protection.o
                0x0000d8cc                R_BSP_RegisterProtectEnable
 .text.R_BSP_RegisterProtectDisable
                0x0000d990       0xac ./ra/fsp/src/bsp/mcu/all/bsp_register_protection.o
                0x0000d990                R_BSP_RegisterProtectDisable
 .text._sbrk    0x0000da3c       0x8c ./ra/fsp/src/bsp/mcu/all/bsp_sbrk.o
                0x0000da3c                _sbrk
 .text.Reset_Handler
                0x0000dac8        0xe ./ra/fsp/src/bsp/cmsis/Device/RENESAS/Source/startup.o
                0x0000dac8                Reset_Handler
 .text.Default_Handler
                0x0000dad6        0xc ./ra/fsp/src/bsp/cmsis/Device/RENESAS/Source/startup.o
                0x0000dad6                DebugMon_Handler
                0x0000dad6                HardFault_Handler
                0x0000dad6                SysTick_Handler
                0x0000dad6                PendSV_Handler
                0x0000dad6                UsageFault_Handler
                0x0000dad6                SecureFault_Handler
                0x0000dad6                Default_Handler
                0x0000dad6                MemManage_Handler
                0x0000dad6                SVC_Handler
                0x0000dad6                BusFault_Handler
 *fill*         0x0000dae2        0x2 ff
 .text.SystemInit
                0x0000dae4      0x12c ./ra/fsp/src/bsp/cmsis/Device/RENESAS/Source/system.o
                0x0000dae4                SystemInit
 .text.bsp_reset_trng_circuit
                0x0000dc10       0xfc ./ra/fsp/src/bsp/cmsis/Device/RENESAS/Source/system.o
 .text          0x0000dd0c       0x3c c:/program files (x86)/gnu arm embedded toolchain/10 2021.10/bin/../lib/gcc/arm-none-eabi/10.3.1/thumb/v8-m.base/nofp\libgcc.a(_clzsi2.o)
                0x0000dd0c                __clzsi2
 .text          0x0000dd48       0x48 c:/program files (x86)/gnu arm embedded toolchain/10 2021.10/bin/../lib/gcc/arm-none-eabi/10.3.1/thumb/v8-m.base/nofp\libgcc.a(_aeabi_ldivmod.o)
                0x0000dd48                __aeabi_ldivmod
 .text          0x0000dd90       0x5c c:/program files (x86)/gnu arm embedded toolchain/10 2021.10/bin/../lib/gcc/arm-none-eabi/10.3.1/thumb/v8-m.base/nofp\libgcc.a(_muldi3.o)
                0x0000dd90                __muldi3
                0x0000dd90                __aeabi_lmul
 .text          0x0000ddec       0x3c c:/program files (x86)/gnu arm embedded toolchain/10 2021.10/bin/../lib/gcc/arm-none-eabi/10.3.1/thumb/v8-m.base/nofp\libgcc.a(bpabi.o)
                0x0000ddec                __gnu_ldivmod_helper
 .text          0x0000de28        0x4 c:/program files (x86)/gnu arm embedded toolchain/10 2021.10/bin/../lib/gcc/arm-none-eabi/10.3.1/thumb/v8-m.base/nofp\libgcc.a(_dvmd_tls.o)
                0x0000de28                __aeabi_idiv0
                0x0000de28                __aeabi_ldiv0
 .text          0x0000de2c      0x32c c:/program files (x86)/gnu arm embedded toolchain/10 2021.10/bin/../lib/gcc/arm-none-eabi/10.3.1/thumb/v8-m.base/nofp\libgcc.a(_divdi3.o)
                0x0000de2c                __divdi3
 .text.__errno  0x0000e158        0xc c:/program files (x86)/gnu arm embedded toolchain/10 2021.10/bin/../lib/gcc/arm-none-eabi/10.3.1/../../../../arm-none-eabi/lib/thumb/v8-m.base/nofp\libg_nano.a(lib_a-errno.o)
                0x0000e158                __errno
 .text.memcmp   0x0000e164       0x1c c:/program files (x86)/gnu arm embedded toolchain/10 2021.10/bin/../lib/gcc/arm-none-eabi/10.3.1/../../../../arm-none-eabi/lib/thumb/v8-m.base/nofp\libg_nano.a(lib_a-memcmp.o)
                0x0000e164                memcmp
 .text.memcpy   0x0000e180       0x12 c:/program files (x86)/gnu arm embedded toolchain/10 2021.10/bin/../lib/gcc/arm-none-eabi/10.3.1/../../../../arm-none-eabi/lib/thumb/v8-m.base/nofp\libg_nano.a(lib_a-memcpy-stub.o)
                0x0000e180                memcpy
 .text.memset   0x0000e192       0x10 c:/program files (x86)/gnu arm embedded toolchain/10 2021.10/bin/../lib/gcc/arm-none-eabi/10.3.1/../../../../arm-none-eabi/lib/thumb/v8-m.base/nofp\libg_nano.a(lib_a-memset.o)
                0x0000e192                memset
 *fill*         0x0000e1a2        0x2 ff
 .text.sprintf  0x0000e1a4       0x40 c:/program files (x86)/gnu arm embedded toolchain/10 2021.10/bin/../lib/gcc/arm-none-eabi/10.3.1/../../../../arm-none-eabi/lib/thumb/v8-m.base/nofp\libg_nano.a(lib_a-sprintf.o)
                0x0000e1a4                siprintf
                0x0000e1a4                sprintf
 .text.strcat   0x0000e1e4       0x1a c:/program files (x86)/gnu arm embedded toolchain/10 2021.10/bin/../lib/gcc/arm-none-eabi/10.3.1/../../../../arm-none-eabi/lib/thumb/v8-m.base/nofp\libg_nano.a(lib_a-strcat.o)
                0x0000e1e4                strcat
 .text          0x0000e1fe        0xe c:/program files (x86)/gnu arm embedded toolchain/10 2021.10/bin/../lib/gcc/arm-none-eabi/10.3.1/../../../../arm-none-eabi/lib/thumb/v8-m.base/nofp\libg_nano.a(lib_a-strlen.o)
                0x0000e1fe                strlen
 .text.strstr   0x0000e20c       0x2a c:/program files (x86)/gnu arm embedded toolchain/10 2021.10/bin/../lib/gcc/arm-none-eabi/10.3.1/../../../../arm-none-eabi/lib/thumb/v8-m.base/nofp\libg_nano.a(lib_a-strstr.o)
                0x0000e20c                strstr
 *fill*         0x0000e236        0x2 ff
 .text.__ssputs_r
                0x0000e238       0xc4 c:/program files (x86)/gnu arm embedded toolchain/10 2021.10/bin/../lib/gcc/arm-none-eabi/10.3.1/../../../../arm-none-eabi/lib/thumb/v8-m.base/nofp\libg_nano.a(lib_a-nano-svfprintf.o)
                0x0000e238                __ssputs_r
 .text._svfprintf_r
                0x0000e2fc      0x1fc c:/program files (x86)/gnu arm embedded toolchain/10 2021.10/bin/../lib/gcc/arm-none-eabi/10.3.1/../../../../arm-none-eabi/lib/thumb/v8-m.base/nofp\libg_nano.a(lib_a-nano-svfprintf.o)
                0x0000e2fc                _svfiprintf_r
                0x0000e2fc                _svfprintf_r
 .text._printf_common
                0x0000e4f8       0xdc c:/program files (x86)/gnu arm embedded toolchain/10 2021.10/bin/../lib/gcc/arm-none-eabi/10.3.1/../../../../arm-none-eabi/lib/thumb/v8-m.base/nofp\libg_nano.a(lib_a-nano-vfprintf_i.o)
                0x0000e4f8                _printf_common
 .text._printf_i
                0x0000e5d4      0x218 c:/program files (x86)/gnu arm embedded toolchain/10 2021.10/bin/../lib/gcc/arm-none-eabi/10.3.1/../../../../arm-none-eabi/lib/thumb/v8-m.base/nofp\libg_nano.a(lib_a-nano-vfprintf_i.o)
                0x0000e5d4                _printf_i
 .text.memchr   0x0000e7ec       0x16 c:/program files (x86)/gnu arm embedded toolchain/10 2021.10/bin/../lib/gcc/arm-none-eabi/10.3.1/../../../../arm-none-eabi/lib/thumb/v8-m.base/nofp\libg_nano.a(lib_a-memchr-stub.o)
                0x0000e7ec                memchr
 .text.memmove  0x0000e802       0x26 c:/program files (x86)/gnu arm embedded toolchain/10 2021.10/bin/../lib/gcc/arm-none-eabi/10.3.1/../../../../arm-none-eabi/lib/thumb/v8-m.base/nofp\libg_nano.a(lib_a-memmove.o)
                0x0000e802                memmove
 .text._free_r  0x0000e828       0x8c c:/program files (x86)/gnu arm embedded toolchain/10 2021.10/bin/../lib/gcc/arm-none-eabi/10.3.1/../../../../arm-none-eabi/lib/thumb/v8-m.base/nofp\libg_nano.a(lib_a-nano-freer.o)
                0x0000e828                _free_r
 .text.sbrk_aligned
                0x0000e8b4       0x40 c:/program files (x86)/gnu arm embedded toolchain/10 2021.10/bin/../lib/gcc/arm-none-eabi/10.3.1/../../../../arm-none-eabi/lib/thumb/v8-m.base/nofp\libg_nano.a(lib_a-nano-mallocr.o)
 .text._malloc_r
                0x0000e8f4       0xec c:/program files (x86)/gnu arm embedded toolchain/10 2021.10/bin/../lib/gcc/arm-none-eabi/10.3.1/../../../../arm-none-eabi/lib/thumb/v8-m.base/nofp\libg_nano.a(lib_a-nano-mallocr.o)
                0x0000e8f4                _malloc_r
 .text._realloc_r
                0x0000e9e0       0x5c c:/program files (x86)/gnu arm embedded toolchain/10 2021.10/bin/../lib/gcc/arm-none-eabi/10.3.1/../../../../arm-none-eabi/lib/thumb/v8-m.base/nofp\libg_nano.a(lib_a-nano-reallocr.o)
                0x0000e9e0                _realloc_r
 .text._sbrk_r  0x0000ea3c       0x20 c:/program files (x86)/gnu arm embedded toolchain/10 2021.10/bin/../lib/gcc/arm-none-eabi/10.3.1/../../../../arm-none-eabi/lib/thumb/v8-m.base/nofp\libg_nano.a(lib_a-sbrkr.o)
                0x0000ea3c                _sbrk_r
 .text.__malloc_lock
                0x0000ea5c       0x10 c:/program files (x86)/gnu arm embedded toolchain/10 2021.10/bin/../lib/gcc/arm-none-eabi/10.3.1/../../../../arm-none-eabi/lib/thumb/v8-m.base/nofp\libg_nano.a(lib_a-mlock.o)
                0x0000ea5c                __malloc_lock
 .text.__malloc_unlock
                0x0000ea6c       0x10 c:/program files (x86)/gnu arm embedded toolchain/10 2021.10/bin/../lib/gcc/arm-none-eabi/10.3.1/../../../../arm-none-eabi/lib/thumb/v8-m.base/nofp\libg_nano.a(lib_a-mlock.o)
                0x0000ea6c                __malloc_unlock
 .text._malloc_usable_size_r
                0x0000ea7c       0x10 c:/program files (x86)/gnu arm embedded toolchain/10 2021.10/bin/../lib/gcc/arm-none-eabi/10.3.1/../../../../arm-none-eabi/lib/thumb/v8-m.base/nofp\libg_nano.a(lib_a-nano-msizer.o)
                0x0000ea7c                _malloc_usable_size_r
 .text.__retarget_lock_acquire_recursive
                0x0000ea8c        0x2 c:/program files (x86)/gnu arm embedded toolchain/10 2021.10/bin/../lib/gcc/arm-none-eabi/10.3.1/../../../../arm-none-eabi/lib/thumb/v8-m.base/nofp\libg_nano.a(lib_a-lock.o)
                0x0000ea8c                __retarget_lock_acquire_recursive
 .text.__retarget_lock_release_recursive
                0x0000ea8e        0x2 c:/program files (x86)/gnu arm embedded toolchain/10 2021.10/bin/../lib/gcc/arm-none-eabi/10.3.1/../../../../arm-none-eabi/lib/thumb/v8-m.base/nofp\libg_nano.a(lib_a-lock.o)
                0x0000ea8e                __retarget_lock_release_recursive
 .text          0x0000ea90       0x14 c:/program files (x86)/gnu arm embedded toolchain/10 2021.10/bin/../lib/gcc/arm-none-eabi/10.3.1/thumb/v8-m.base/nofp\libgcc.a(_thumb1_case_shi.o)
                0x0000ea90                __gnu_thumb1_case_shi
 *(.version)
 .version       0x0000eaa4       0x50 ./ra/fsp/src/bsp/mcu/all/bsp_common.o
 *(.init)
 .init          0x0000eaf4        0x4 c:/program files (x86)/gnu arm embedded toolchain/10 2021.10/bin/../lib/gcc/arm-none-eabi/10.3.1/thumb/v8-m.base/nofp/crti.o
                0x0000eaf4                _init
 .init          0x0000eaf8        0x8 c:/program files (x86)/gnu arm embedded toolchain/10 2021.10/bin/../lib/gcc/arm-none-eabi/10.3.1/thumb/v8-m.base/nofp/crtn.o
 *(.fini)
 .fini          0x0000eb00        0x4 c:/program files (x86)/gnu arm embedded toolchain/10 2021.10/bin/../lib/gcc/arm-none-eabi/10.3.1/thumb/v8-m.base/nofp/crti.o
                0x0000eb00                _fini
 .fini          0x0000eb04        0x8 c:/program files (x86)/gnu arm embedded toolchain/10 2021.10/bin/../lib/gcc/arm-none-eabi/10.3.1/thumb/v8-m.base/nofp/crtn.o
 *fill*         0x0000eb0c        0x4 ff
 .fini.__stub   0x0000eb10       0xa0 linker stubs
 *crtbegin.o(.ctors)
 *crtbegin?.o(.ctors)
 *(EXCLUDE_FILE(*crtend.o *crtend?.o) .ctors)
 *(SORT_BY_NAME(.ctors.*))
 *(.ctors)
 *crtbegin.o(.dtors)
 *crtbegin?.o(.dtors)
 *(EXCLUDE_FILE(*crtend.o *crtend?.o) .dtors)
 *(SORT_BY_NAME(.dtors.*))
 *(.dtors)
 *(.rodata*)
 .rodata.DLTID  0x0000ebb0      0x130 ./src/DLTProtocol.o
                0x0000ebb0                DLTID
 .rodata        0x0000ece0       0x21 ./src/DLTProtocol.o
 *fill*         0x0000ed01        0x3 ff
 .rodata.HandleConfigRxFromMETER
                0x0000ed04       0xac ./src/DLTProtocol.o
 .rodata.pulserID
                0x0000edb0       0x2e ./src/PulserProtocol.o
                0x0000edb0                pulserID
 *fill*         0x0000edde        0x2 ff
 .rodata.PulserClientIdentification
                0x0000ede0        0x4 ./src/PulserProtocol.o
                0x0000ede0                PulserClientIdentification
 .rodata.PulserServerIdentification
                0x0000ede4        0x2 ./src/PulserProtocol.o
                0x0000ede4                PulserServerIdentification
 *fill*         0x0000ede6        0x2 ff
 .rodata.PP_ExtractDlt
                0x0000ede8       0x48 ./src/PulserProtocol.o
 .rodata        0x0000ee30       0x14 ./src/flash_lp_ep.o
 .rodata.ATE0   0x0000ee44        0x9 ./src/gsm.o
                0x0000ee44                ATE0
 *fill*         0x0000ee4d        0x3 ff
 .rodata.SIM_READY
                0x0000ee50        0xd ./src/gsm.o
                0x0000ee50                SIM_READY
 *fill*         0x0000ee5d        0x3 ff
 .rodata.SIM_RESP
                0x0000ee60        0x6 ./src/gsm.o
                0x0000ee60                SIM_RESP
 *fill*         0x0000ee66        0x2 ff
 .rodata.CGREG  0x0000ee68        0xe ./src/gsm.o
                0x0000ee68                CGREG
 *fill*         0x0000ee76        0x2 ff
 .rodata.CGREG_RESP
                0x0000ee78       0x10 ./src/gsm.o
                0x0000ee78                CGREG_RESP
 .rodata.CMGL   0x0000ee88       0x17 ./src/gsm.o
                0x0000ee88                CMGL
 *fill*         0x0000ee9f        0x1 ff
 .rodata.CMGD   0x0000eea0       0x10 ./src/gsm.o
                0x0000eea0                CMGD
 .rodata.CGDCONT_HEADER
                0x0000eeb0       0x11 ./src/gsm.o
                0x0000eeb0                CGDCONT_HEADER
 *fill*         0x0000eec1        0x3 ff
 .rodata.CGDCONT_FOOTER
                0x0000eec4        0xf ./src/gsm.o
                0x0000eec4                CGDCONT_FOOTER
 *fill*         0x0000eed3        0x1 ff
 .rodata.QIOPEN_HEADER
                0x0000eed4       0x13 ./src/gsm.o
                0x0000eed4                QIOPEN_HEADER
 *fill*         0x0000eee7        0x1 ff
 .rodata.QIOPEN_FOOTER
                0x0000eee8        0x7 ./src/gsm.o
                0x0000eee8                QIOPEN_FOOTER
 *fill*         0x0000eeef        0x1 ff
 .rodata.QIOPEN_RESP
                0x0000eef0        0xc ./src/gsm.o
                0x0000eef0                QIOPEN_RESP
 .rodata.QICLOSE
                0x0000eefc       0x11 ./src/gsm.o
                0x0000eefc                QICLOSE
 *fill*         0x0000ef0d        0x3 ff
 .rodata.OK     0x0000ef10        0x7 ./src/gsm.o
                0x0000ef10                OK
 *fill*         0x0000ef17        0x1 ff
 .rodata.COMMAND_MODE
                0x0000ef18        0x3 ./src/gsm.o
                0x0000ef18                COMMAND_MODE
 *fill*         0x0000ef1b        0x1 ff
 .rodata.QIACT_SET
                0x0000ef1c        0xf ./src/gsm.o
                0x0000ef1c                QIACT_SET
 *fill*         0x0000ef2b        0x1 ff
 .rodata.QIACT_REQ
                0x0000ef2c        0xe ./src/gsm.o
                0x0000ef2c                QIACT_REQ
 *fill*         0x0000ef3a        0x2 ff
 .rodata.NOCARRIERRESP
                0x0000ef3c        0xf ./src/gsm.o
                0x0000ef3c                NOCARRIERRESP
 *fill*         0x0000ef4b        0x1 ff
 .rodata.ERRORRESP
                0x0000ef4c        0xa ./src/gsm.o
                0x0000ef4c                ERRORRESP
 *fill*         0x0000ef56        0x2 ff
 .rodata.QIACT_CHECK_RESP
                0x0000ef58       0x10 ./src/gsm.o
                0x0000ef58                QIACT_CHECK_RESP
 .rodata.SMS_IN_HEADER
                0x0000ef68        0x7 ./src/gsm.o
                0x0000ef68                SMS_IN_HEADER
 *fill*         0x0000ef6f        0x1 ff
 .rodata.MODEM_RESET
                0x0000ef70       0x10 ./src/gsm.o
                0x0000ef70                MODEM_RESET
 .rodata.SMS_FORMAT
                0x0000ef80        0xe ./src/gsm.o
                0x0000ef80                SMS_FORMAT
 *fill*         0x0000ef8e        0x2 ff
 .rodata.SMS_CHARSET
                0x0000ef90       0x10 ./src/gsm.o
                0x0000ef90                SMS_CHARSET
 .rodata.SMS_DELIVERY_FORMAT
                0x0000efa0       0x17 ./src/gsm.o
                0x0000efa0                SMS_DELIVERY_FORMAT
 *fill*         0x0000efb7        0x1 ff
 .rodata.ATD    0x0000efb8        0xa ./src/gsm.o
                0x0000efb8                ATD
 *fill*         0x0000efc2        0x2 ff
 .rodata.yossiphon
                0x0000efc4        0xe ./src/gsm.o
                0x0000efc4                yossiphon
 *fill*         0x0000efd2        0x2 ff
 .rodata.SMS_TEST_SEND_HEADER
                0x0000efd4        0xb ./src/gsm.o
                0x0000efd4                SMS_TEST_SEND_HEADER
 *fill*         0x0000efdf        0x1 ff
 .rodata.SMS_TEST_SEND_FOOTER
                0x0000efe0        0x2 ./src/gsm.o
                0x0000efe0                SMS_TEST_SEND_FOOTER
 .rodata.CONTROL_Z
                0x0000efe2        0x1 ./src/gsm.o
                0x0000efe2                CONTROL_Z
 *fill*         0x0000efe3        0x1 ff
 .rodata        0x0000efe4       0x6a ./src/gsm.o
 *fill*         0x0000f04e        0x2 ff
 .rodata.Gsm_Handler
                0x0000f050       0x30 ./src/gsm.o
 .rodata.SetSMSconfig
                0x0000f080       0x14 ./src/gsm.o
 .rodata        0x0000f094       0x6a ./src/hal_entry.o
 *fill*         0x0000f0fe        0x2 ff
 .rodata.ModemSequence
                0x0000f100       0x1c ./src/hal_entry.o
 .rodata.g_cgc0_cfg
                0x0000f11c        0x8 ./ra_gen/common_data.o
                0x0000f11c                g_cgc0_cfg
 .rodata.g_ioport
                0x0000f124        0xc ./ra_gen/common_data.o
                0x0000f124                g_ioport
 .rodata.Pulser_Timer0_Generic_extend
                0x0000f130        0x7 ./ra_gen/hal_data.o
                0x0000f130                Pulser_Timer0_Generic_extend
 *fill*         0x0000f137        0x1 ff
 .rodata.Pulser_Timer0_Generic_cfg
                0x0000f138       0x20 ./ra_gen/hal_data.o
                0x0000f138                Pulser_Timer0_Generic_cfg
 .rodata.g_flash_cfg
                0x0000f158       0x14 ./ra_gen/hal_data.o
                0x0000f158                g_flash_cfg
 *fill*         0x0000f16c        0x4 ff
 .rodata.Meter_g_lpm0_cfg
                0x0000f170       0x20 ./ra_gen/hal_data.o
                0x0000f170                Meter_g_lpm0_cfg
 .rodata.Yos1_RTC_err_cfg
                0x0000f190        0x8 ./ra_gen/hal_data.o
                0x0000f190                Yos1_RTC_err_cfg
 .rodata.Yos1_RTC_cfg
                0x0000f198       0x20 ./ra_gen/hal_data.o
                0x0000f198                Yos1_RTC_cfg
 .rodata.Battery_g_lvd_cfg
                0x0000f1b8       0x18 ./ra_gen/hal_data.o
                0x0000f1b8                Battery_g_lvd_cfg
 .rodata.Puls_g_external_irq0_cfg
                0x0000f1d0       0x14 ./ra_gen/hal_data.o
                0x0000f1d0                Puls_g_external_irq0_cfg
 .rodata.LTE_Uart_cfg_extend
                0x0000f1e4       0x10 ./ra_gen/hal_data.o
                0x0000f1e4                LTE_Uart_cfg_extend
 .rodata.LTE_Uart_cfg
                0x0000f1f4       0x20 ./ra_gen/hal_data.o
                0x0000f1f4                LTE_Uart_cfg
 .rodata.Debug_Uart1_cfg_extend
                0x0000f214       0x10 ./ra_gen/hal_data.o
                0x0000f214                Debug_Uart1_cfg_extend
 .rodata.Debug_Uart1_cfg
                0x0000f224       0x20 ./ra_gen/hal_data.o
                0x0000f224                Debug_Uart1_cfg
 .rodata.magnet_detect_cfg
                0x0000f244       0x14 ./ra_gen/hal_data.o
                0x0000f244                magnet_detect_cfg
 .rodata.g_adc0_Vbat_cfg_extend
                0x0000f258        0x6 ./ra_gen/hal_data.o
                0x0000f258                g_adc0_Vbat_cfg_extend
 *fill*         0x0000f25e        0x2 ff
 .rodata.g_adc0_Vbat_cfg
                0x0000f260       0x18 ./ra_gen/hal_data.o
                0x0000f260                g_adc0_Vbat_cfg
 .rodata.g_bsp_pin_cfg_data
                0x0000f278       0xa0 ./ra_gen/pin_data.o
                0x0000f278                g_bsp_pin_cfg_data
 .rodata.g_bsp_pin_cfg
                0x0000f318        0x8 ./ra_gen/pin_data.o
                0x0000f318                g_bsp_pin_cfg
 .rodata.g_interrupt_event_link_select
                0x0000f320       0x20 ./ra_gen/vector_data.o
                0x0000f320                g_interrupt_event_link_select
 .rodata.g_lvdncr0_lut
                0x0000f340        0x8 ./ra/fsp/src/r_lvd/r_lvd.o
 .rodata.g_lvdncr1_lut
                0x0000f348        0x8 ./ra/fsp/src/r_lvd/r_lvd.o
 .rodata.g_lvdnsr_lut
                0x0000f350        0x8 ./ra/fsp/src/r_lvd/r_lvd.o
 .rodata.g_lvdlvlr_offset_lut
                0x0000f358        0x8 ./ra/fsp/src/r_lvd/r_lvd.o
 .rodata.g_lvdlvlr_mask_lut
                0x0000f360        0x8 ./ra/fsp/src/r_lvd/r_lvd.o
 .rodata.g_ioport_on_ioport
                0x0000f368       0x38 ./ra/fsp/src/r_ioport/r_ioport.o
                0x0000f368                g_ioport_on_ioport
 .rodata.adc_elc_trigger_lut
                0x0000f3a0        0xc ./ra/fsp/src/r_adc/r_adc.o
 .rodata.g_prcr_masks
                0x0000f3ac        0x8 ./ra/fsp/src/bsp/mcu/all/bsp_register_protection.o
 .rodata._svfprintf_r.str1.1
                0x0000f3b4       0x11 c:/program files (x86)/gnu arm embedded toolchain/10 2021.10/bin/../lib/gcc/arm-none-eabi/10.3.1/../../../../arm-none-eabi/lib/thumb/v8-m.base/nofp\libg_nano.a(lib_a-nano-svfprintf.o)
 .rodata._printf_i.str1.1
                0x0000f3c5       0x22 c:/program files (x86)/gnu arm embedded toolchain/10 2021.10/bin/../lib/gcc/arm-none-eabi/10.3.1/../../../../arm-none-eabi/lib/thumb/v8-m.base/nofp\libg_nano.a(lib_a-nano-vfprintf_i.o)
 *fill*         0x0000f3e7        0x1 ff
 .rodata.__sf_fake_stderr
                0x0000f3e8       0x20 c:/program files (x86)/gnu arm embedded toolchain/10 2021.10/bin/../lib/gcc/arm-none-eabi/10.3.1/../../../../arm-none-eabi/lib/thumb/v8-m.base/nofp\libc_nano.a(lib_a-findfp.o)
                0x0000f3e8                __sf_fake_stderr
 .rodata.__sf_fake_stdin
                0x0000f408       0x20 c:/program files (x86)/gnu arm embedded toolchain/10 2021.10/bin/../lib/gcc/arm-none-eabi/10.3.1/../../../../arm-none-eabi/lib/thumb/v8-m.base/nofp\libc_nano.a(lib_a-findfp.o)
                0x0000f408                __sf_fake_stdin
 .rodata.__sf_fake_stdout
                0x0000f428       0x20 c:/program files (x86)/gnu arm embedded toolchain/10 2021.10/bin/../lib/gcc/arm-none-eabi/10.3.1/../../../../arm-none-eabi/lib/thumb/v8-m.base/nofp\libc_nano.a(lib_a-findfp.o)
                0x0000f428                __sf_fake_stdout
                0x0000f448                __usb_dev_descriptor_start_fs = .
 *(.usb_device_desc_fs*)
                0x0000f448                __usb_cfg_descriptor_start_fs = .
 *(.usb_config_desc_fs*)
                0x0000f448                __usb_interface_descriptor_start_fs = .
 *(.usb_interface_desc_fs*)
                0x0000f448                __usb_descriptor_end_fs = .
                0x0000f448                __usb_dev_descriptor_start_hs = .
 *(.usb_device_desc_hs*)
                0x0000f448                __usb_cfg_descriptor_start_hs = .
 *(.usb_config_desc_hs*)
                0x0000f448                __usb_interface_descriptor_start_hs = .
 *(.usb_interface_desc_hs*)
                0x0000f448                __usb_descriptor_end_hs = .
 *(.eh_frame*)
 .eh_frame      0x0000f448        0x0 c:/program files (x86)/gnu arm embedded toolchain/10 2021.10/bin/../lib/gcc/arm-none-eabi/10.3.1/thumb/v8-m.base/nofp/crtbegin.o
 .eh_frame      0x0000f448        0x4 c:/program files (x86)/gnu arm embedded toolchain/10 2021.10/bin/../lib/gcc/arm-none-eabi/10.3.1/thumb/v8-m.base/nofp/crtend.o
                0x0000f44c                __ROM_End = .
                0x000000c0                __Vectors_Size = (__Vectors_End - __Vectors)

.glue_7         0x0000f44c        0x0
 .glue_7        0x0000f44c        0x0 linker stubs

.glue_7t        0x0000f44c        0x0
 .glue_7t       0x0000f44c        0x0 linker stubs

.vfp11_veneer   0x0000f44c        0x0
 .vfp11_veneer  0x0000f44c        0x0 linker stubs

.v4_bx          0x0000f44c        0x0
 .v4_bx         0x0000f44c        0x0 linker stubs

.iplt           0x0000f44c        0x0
 .iplt          0x0000f44c        0x0 c:/program files (x86)/gnu arm embedded toolchain/10 2021.10/bin/../lib/gcc/arm-none-eabi/10.3.1/thumb/v8-m.base/nofp/crtbegin.o

.ARM.extab
 *(.ARM.extab* .gnu.linkonce.armextab.*)
                0x0000f44c                __exidx_start = .

.ARM.exidx      0x0000f44c        0x8
 *(.ARM.exidx* .gnu.linkonce.armexidx.*)
 .ARM.exidx     0x0000f44c        0x8 c:/program files (x86)/gnu arm embedded toolchain/10 2021.10/bin/../lib/gcc/arm-none-eabi/10.3.1/thumb/v8-m.base/nofp\libgcc.a(_divdi3.o)
                0x0000f454                __exidx_end = .
                0x0000f454                __etext = .
                0x20004000                __tz_RAM_S = ORIGIN (RAM)

.rel.dyn        0x0000f454        0x0
 .rel.iplt      0x0000f454        0x0 c:/program files (x86)/gnu arm embedded toolchain/10 2021.10/bin/../lib/gcc/arm-none-eabi/10.3.1/thumb/v8-m.base/nofp/crtbegin.o

.fsp_dtc_vector_table
                0x20004000        0x0
                0x20004000                . = ORIGIN (RAM)
 *(.fsp_dtc_vector_table)

.data           0x20004000      0xb08 load address 0x0000f454
                0x20004000                __data_start__ = .
                0x20004000                . = ALIGN (0x4)
                0x20004000                __Code_In_RAM_Start = .
 *(.code_in_ram*)
 .code_in_ram   0x20004000      0xa44 ./ra/fsp/src/r_flash_lp/r_flash_lp.o
 *fill*         0x20004a44        0x4 
 .code_in_ram.__stub
                0x20004a48       0x20 linker stubs
                0x20004a68                __Code_In_RAM_End = .
 *(vtable)
 *(.data.*)
 .data.block_num.0
                0x20004a68        0x1 ./src/flash_lp_ep.o
 .data.ConnectRetries
                0x20004a69        0x1 ./src/gsm.o
                0x20004a69                ConnectRetries
 .data.SendRetry
                0x20004a6a        0x2 ./src/gsm.o
                0x20004a6a                SendRetry
 .data.ready_to_send_daily
                0x20004a6c        0x1 ./src/hal_entry.o
                0x20004a6c                ready_to_send_daily
 .data.ready_to_update_daily
                0x20004a6d        0x1 ./src/hal_entry.o
                0x20004a6d                ready_to_update_daily
 .data.powerup_start
                0x20004a6e        0x1 ./src/hal_entry.o
                0x20004a6e                powerup_start
 *fill*         0x20004a6f        0x1 
 .data.g_set_time.0
                0x20004a70       0x24 ./src/hal_entry.o
 .data.LTE_Uart_baud_setting
                0x20004a94        0x4 ./ra_gen/hal_data.o
                0x20004a94                LTE_Uart_baud_setting
 .data.Debug_Uart1_baud_setting
                0x20004a98        0x4 ./ra_gen/hal_data.o
                0x20004a98                Debug_Uart1_baud_setting
 .data._impure_ptr
                0x20004a9c        0x4 c:/program files (x86)/gnu arm embedded toolchain/10 2021.10/bin/../lib/gcc/arm-none-eabi/10.3.1/../../../../arm-none-eabi/lib/thumb/v8-m.base/nofp\libg_nano.a(lib_a-impure.o)
                0x20004a9c                _impure_ptr
 .data.impure_data
                0x20004aa0       0x60 c:/program files (x86)/gnu arm embedded toolchain/10 2021.10/bin/../lib/gcc/arm-none-eabi/10.3.1/../../../../arm-none-eabi/lib/thumb/v8-m.base/nofp\libg_nano.a(lib_a-impure.o)
 *(.data)
                0x20004b00                . = ALIGN (0x4)
                0x20004b00                PROVIDE (__preinit_array_start = .)
 *(.preinit_array)
                0x20004b00                PROVIDE (__preinit_array_end = .)
                0x20004b00                . = ALIGN (0x4)
                0x20004b00                PROVIDE (__init_array_start = .)
 *(SORT_BY_NAME(.init_array.*))
 *(.init_array)
 .init_array    0x20004b00        0x4 c:/program files (x86)/gnu arm embedded toolchain/10 2021.10/bin/../lib/gcc/arm-none-eabi/10.3.1/thumb/v8-m.base/nofp/crtbegin.o
                0x20004b04                PROVIDE (__init_array_end = .)
                0x20004b04                . = ALIGN (0x4)
                [!provide]                PROVIDE (__fini_array_start = .)
 *(SORT_BY_NAME(.fini_array.*))
 *(.fini_array)
 .fini_array    0x20004b04        0x4 c:/program files (x86)/gnu arm embedded toolchain/10 2021.10/bin/../lib/gcc/arm-none-eabi/10.3.1/thumb/v8-m.base/nofp/crtbegin.o
                [!provide]                PROVIDE (__fini_array_end = .)
 *(.jcr*)
                0x20004b08                . = ALIGN (0x4)
                0x20004b08                __data_end__ = .

.igot.plt       0x20004b08        0x0 load address 0x0000ff5c
 .igot.plt      0x20004b08        0x0 c:/program files (x86)/gnu arm embedded toolchain/10 2021.10/bin/../lib/gcc/arm-none-eabi/10.3.1/thumb/v8-m.base/nofp/crtbegin.o

.gnu.sgstubs    0x00010000        0x0
                0x00010000                . = (DEFINED (PROJECT_SECURE) && DEFINED (FLASH_NSC_START))?ABSOLUTE (FLASH_NSC_START):ALIGN (0x400)
                0x00011000                __tz_FLASH_C = DEFINED (FLASH_NSC_START)?ABSOLUTE (FLASH_NSC_START):__RESERVE_NS_RAM?ABSOLUTE ((FLASH_START + FLASH_LENGTH)):ALIGN (0x400)
                0x00010000                _start_sg = .
 *(.gnu.sgstubs*)
                0x00010000                . = ALIGN (0x20)
                0x00010000                _end_sg = .
                0x00011000                __tz_FLASH_N = DEFINED (FLASH_NS_START)?ABSOLUTE (FLASH_NS_START):__RESERVE_NS_RAM?ABSOLUTE ((FLASH_START + FLASH_LENGTH)):ALIGN (0x8000)
                0x00011000                FLASH_NS_IMAGE_START = DEFINED (FLASH_NS_IMAGE_START)?FLASH_NS_IMAGE_START:__tz_FLASH_N
                0x60000000                __tz_QSPI_FLASH_S = ORIGIN (QSPI_FLASH)

.qspi_flash     0x60000000        0x0
                0x60000000                __qspi_flash_start__ = .
 *(.qspi_flash*)
 *(.code_in_qspi*)
                0x60000000                __qspi_flash_end__ = .
                0x00000000                __qspi_flash_code_size__ = (__qspi_flash_end__ - __qspi_flash_start__)
                0x0000ff5c                __qspi_flash_code_addr__ = (__etext + (__data_end__ - __data_start__))

.qspi_non_retentive
                0x60000000        0x0 load address 0x0000ff5c
                0x60000000                __qspi_non_retentive_start__ = .
 *(.qspi_non_retentive*)
                0x60000000                __qspi_non_retentive_end__ = .
                0x00000000                __qspi_non_retentive_size__ = (__qspi_non_retentive_end__ - __qspi_non_retentive_start__)
                0x04000000                __qspi_region_max_size__ = 0x4000000
                0x60000000                __qspi_region_start_address__ = __qspi_flash_start__
                0x64000000                __qspi_region_end_address__ = (__qspi_flash_start__ + __qspi_region_max_size__)
                0x60000000                __tz_QSPI_FLASH_N = __qspi_non_retentive_end__
                0x68000000                __tz_OSPI_DEVICE_0_S = ORIGIN (OSPI_DEVICE_0)

.OSPI_DEVICE_0  0x68000000        0x0
                0x68000000                __ospi_device_0_start__ = .
 *(.ospi_device_0*)
 *(.code_in_ospi_device_0*)
                0x68000000                __ospi_device_0_end__ = .
                0x00000000                __ospi_device_0_code_size__ = (__ospi_device_0_end__ - __ospi_device_0_start__)
                0x0000ff5c                __ospi_device_0_code_addr__ = (__etext + (__data_end__ - __data_start__))

.ospi_device_0_non_retentive
                0x68000000        0x0 load address 0x0000ff5c
                0x68000000                __ospi_device_0_non_retentive_start__ = .
 *(.ospi_device_0_non_retentive*)
                0x68000000                __ospi_device_0_non_retentive_end__ = .
                0x00000000                __ospi_device_0_non_retentive_size__ = (__ospi_device_0_non_retentive_end__ - __ospi_device_0_non_retentive_start__)
                0x08000000                __ospi_device_0_region_max_size__ = 0x8000000
                0x68000000                __ospi_device_0_region_start_address__ = __ospi_device_0_start__
                0x70000000                __ospi_device_0_region_end_address__ = (__ospi_device_0_start__ + __ospi_device_0_region_max_size__)
                0x68000000                __tz_OSPI_DEVICE_0_N = __ospi_device_0_non_retentive_end__
                0x70000000                __tz_OSPI_DEVICE_1_S = ORIGIN (OSPI_DEVICE_1)

.OSPI_DEVICE_1  0x70000000        0x0
                0x70000000                __ospi_device_1_start__ = .
 *(.ospi_device_1*)
 *(.code_in_ospi_device_1*)
                0x70000000                __ospi_device_1_end__ = .
                0x00000000                __ospi_device_1_code_size__ = (__ospi_device_1_end__ - __ospi_device_1_start__)
                0x0000ff5c                __ospi_device_1_code_addr__ = (__etext + (__data_end__ - __data_start__))

.ospi_device_1_non_retentive
                0x70000000        0x0 load address 0x0000ff5c
                0x70000000                __ospi_device_1_non_retentive_start__ = .
 *(.ospi_device_1_non_retentive*)
                0x70000000                __ospi_device_1_non_retentive_end__ = .
                0x00000000                __ospi_device_1_non_retentive_size__ = (__ospi_device_1_non_retentive_end__ - __ospi_device_1_non_retentive_start__)
                0x10000000                __ospi_device_1_region_max_size__ = 0x10000000
                0x70000000                __ospi_device_1_region_start_address__ = __ospi_device_1_start__
                0x80000000                __ospi_device_1_region_end_address__ = (__ospi_device_1_start__ + __ospi_device_1_region_max_size__)
                0x70000000                __tz_OSPI_DEVICE_1_N = __ospi_device_1_non_retentive_end__

.noinit         0x20004b08       0x18
                0x20004b08                . = ALIGN (0x4)
                0x20004b08                __noinit_start = .
 *(.noinit*)
 .noinit        0x20004b08       0x14 ./ra/fsp/src/bsp/mcu/all/bsp_clocks.o
                0x20004b20                . = ALIGN (0x8)
 *fill*         0x20004b1c        0x4 
 *(.heap.*)
                0x20004b20                __noinit_end = .

.bss            0x20004b20     0x2d08
                0x20004b20                . = ALIGN (0x4)
                0x20004b20                __bss_start__ = .
 *(.bss*)
 .bss           0x20004b20       0x1c c:/program files (x86)/gnu arm embedded toolchain/10 2021.10/bin/../lib/gcc/arm-none-eabi/10.3.1/thumb/v8-m.base/nofp/crtbegin.o
 .bss.TmpTxsizeBuf
                0x20004b3c        0x2 ./src/DLTProtocol.o
                0x20004b3c                TmpTxsizeBuf
 .bss.tmpbyte   0x20004b3e        0x1 ./src/DLTProtocol.o
                0x20004b3e                tmpbyte
 *fill*         0x20004b3f        0x1 
 .bss.btmp.1    0x20004b40       0xff ./src/DLTProtocol.o
 *fill*         0x20004c3f        0x1 
 .bss.dataout.0
                0x20004c40       0xff ./src/DLTProtocol.o
 .bss.Pulser_State
                0x20004d3f        0x1 ./src/PulserProtocol.o
                0x20004d3f                Pulser_State
 .bss.Event_status
                0x20004d40        0x1 ./src/PulserProtocol.o
                0x20004d40                Event_status
 *fill*         0x20004d41        0x3 
 .bss.dataout   0x20004d44       0xfa ./src/PulserProtocol.o
 *fill*         0x20004e3e        0x2 
 .bss.NewFirmware
                0x20004e40       0x11 ./src/PulserProtocol.o
                0x20004e40                NewFirmware
 *fill*         0x20004e51        0x3 
 .bss.btmp.3    0x20004e54       0xff ./src/PulserProtocol.o
 *fill*         0x20004f53        0x1 
 .bss.btmp.2    0x20004f54       0xff ./src/PulserProtocol.o
 *fill*         0x20005053        0x1 
 .bss.btmp.1    0x20005054       0xff ./src/PulserProtocol.o
 *fill*         0x20005153        0x1 
 .bss.btmp.0    0x20005154       0xff ./src/PulserProtocol.o
 .bss.g_b_flash_event_not_blank
                0x20005253        0x1 ./src/flash_lp_ep.o
 .bss.g_b_flash_event_blank
                0x20005254        0x1 ./src/flash_lp_ep.o
 .bss.g_b_flash_event_erase_complete
                0x20005255        0x1 ./src/flash_lp_ep.o
 .bss.g_b_flash_event_write_complete
                0x20005256        0x1 ./src/flash_lp_ep.o
 *fill*         0x20005257        0x1 
 .bss.read_buff
                0x20005258      0x800 ./src/flash_lp_ep.o
                0x20005258                read_buff
 .bss.write_buff
                0x20005a58      0x800 ./src/flash_lp_ep.o
                0x20005a58                write_buff
 .bss.sms_config_received
                0x20006258        0x1 ./src/gsm.o
                0x20006258                sms_config_received
 .bss.ConnectionState
                0x20006259        0x1 ./src/gsm.o
                0x20006259                ConnectionState
 *fill*         0x2000625a        0x2 
 .bss.AT_bufferTransmit
                0x2000625c      0x100 ./src/gsm.o
 .bss.sms_config
                0x2000635c        0x1 ./src/gsm.o
 *fill*         0x2000635d        0x3 
 .bss.RepeaterConfig
                0x20006360      0x103 ./src/hal_entry.o
                0x20006360                RepeaterConfig
 *fill*         0x20006463        0x1 
 .bss.LastPulseTime
                0x20006464       0x24 ./src/hal_entry.o
                0x20006464                LastPulseTime
 .bss.toggle    0x20006488        0x1 ./src/hal_entry.o
                0x20006488                toggle
 *fill*         0x20006489        0x1 
 .bss.TmpHourConsmption
                0x2000648a        0x2 ./src/hal_entry.o
                0x2000648a                TmpHourConsmption
 .bss.MagnetDetect
                0x2000648c        0x1 ./src/hal_entry.o
                0x2000648c                MagnetDetect
 *fill*         0x2000648d        0x3 
 .bss.Vbat_val  0x20006490        0x4 ./src/hal_entry.o
                0x20006490                Vbat_val
 .bss.modem_seq_state
                0x20006494        0x1 ./src/hal_entry.o
                0x20006494                modem_seq_state
 *fill*         0x20006495        0x3 
 .bss.conttemp  0x20006498        0x4 ./src/hal_entry.o
                0x20006498                conttemp
 .bss.ready_to_read
                0x2000649c        0x1 ./src/hal_entry.o
                0x2000649c                ready_to_read
 *fill*         0x2000649d        0x3 
 .bss.DailyConsumption
                0x200064a0      0x3de ./src/hal_entry.o
                0x200064a0                DailyConsumption
 *fill*         0x2000687e        0x2 
 .bss.CurrentTime
                0x20006880       0x24 ./src/hal_entry.o
                0x20006880                CurrentTime
 .bss.RTC_Event
                0x200068a4        0x1 ./src/hal_entry.o
                0x200068a4                RTC_Event
 .bss.write_internal_config_flag
                0x200068a5        0x1 ./src/hal_entry.o
                0x200068a5                write_internal_config_flag
 .bss.write_internal_logger_flag
                0x200068a6        0x1 ./src/hal_entry.o
                0x200068a6                write_internal_logger_flag
 *fill*         0x200068a7        0x1 
 .bss.str1      0x200068a8       0x14 ./src/hal_entry.o
                0x200068a8                str1
 .bss.LtuGSM_Timeout
                0x200068bc        0x1 ./src/hal_entry.o
                0x200068bc                LtuGSM_Timeout
 *fill*         0x200068bd        0x3 
 .bss.Ltutmpindexin
                0x200068c0        0x4 ./src/hal_entry.o
                0x200068c0                Ltutmpindexin
 .bss.Ltutemputartin
                0x200068c4       0xff ./src/hal_entry.o
                0x200068c4                Ltutemputartin
 *fill*         0x200069c3        0x1 
 .bss.Ltutmpindexout
                0x200069c4        0x4 ./src/hal_entry.o
                0x200069c4                Ltutmpindexout
 .bss.Ltutemputartout
                0x200069c8       0xff ./src/hal_entry.o
                0x200069c8                Ltutemputartout
 *fill*         0x20006ac7        0x1 
 .bss.upgradestate
                0x20006ac8        0x4 ./src/hal_entry.o
                0x20006ac8                upgradestate
 .bss.flash_blocks_num
                0x20006acc        0x1 ./src/srec2bin.o
 *fill*         0x20006acd        0x3 
 .bss.block_data
                0x20006ad0      0x800 ./src/srec2bin.o
 .bss.current_position_in_block
                0x200072d0        0x2 ./src/srec2bin.o
 *fill*         0x200072d2        0x2 
 .bss.g_LTE_temp_buffer
                0x200072d4       0xff ./src/uart_LTE.o
 *fill*         0x200073d3        0x1 
 .bss.g_LTE_counter_var
                0x200073d4        0x4 ./src/uart_LTE.o
 .bss.g_DEBUG_temp_buffer
                0x200073d8       0xff ./src/uart_LTE.o
 .bss.g_DEBUG_counter_var
                0x200074d7        0x1 ./src/uart_LTE.o
 .bss.g_DEBUG_uart_event
                0x200074d8        0x1 ./src/uart_LTE.o
 .bss.g_DEBUG_timout_cntr
                0x200074d9        0x1 ./src/uart_LTE.o
 .bss.g_LTE_timout_cntr
                0x200074da        0x1 ./src/uart_LTE.o
 .bss.g_LTE_uart_event
                0x200074db        0x1 ./src/uart_LTE.o
 .bss.yos_temp  0x200074dc        0x4 ./src/uart_LTE.o
 .bss.bufintmp  0x200074e0       0xff ./src/uart_LTE.o
                0x200074e0                bufintmp
 *fill*         0x200075df        0x1 
 .bss.GsmTimer  0x200075e0        0x4 ./src/uart_LTE.o
                0x200075e0                GsmTimer
 .bss.TimingDelay
                0x200075e4        0x4 ./src/uart_LTE.o
                0x200075e4                TimingDelay
 .bss.WaitAfterKC
                0x200075e8        0x4 ./src/uart_LTE.o
                0x200075e8                WaitAfterKC
 .bss.ToggleLedsReq
                0x200075ec        0x1 ./src/uart_LTE.o
                0x200075ec                ToggleLedsReq
 *fill*         0x200075ed        0x3 
 .bss.g_cgc0_ctrl
                0x200075f0       0x10 ./ra_gen/common_data.o
                0x200075f0                g_cgc0_ctrl
 .bss.g_ioport_ctrl
                0x20007600        0x8 ./ra_gen/common_data.o
                0x20007600                g_ioport_ctrl
 .bss.Pulser_Timer0_Generic_ctrl
                0x20007608       0x1c ./ra_gen/hal_data.o
                0x20007608                Pulser_Timer0_Generic_ctrl
 .bss.g_flash_ctrl
                0x20007624       0x38 ./ra_gen/hal_data.o
                0x20007624                g_flash_ctrl
 .bss.Meter_g_lpm0_ctrl
                0x2000765c        0x8 ./ra_gen/hal_data.o
                0x2000765c                Meter_g_lpm0_ctrl
 .bss.Yos1_RTC_ctrl
                0x20007664       0x18 ./ra_gen/hal_data.o
                0x20007664                Yos1_RTC_ctrl
 .bss.Battery_g_lvd_ctrl
                0x2000767c       0x14 ./ra_gen/hal_data.o
                0x2000767c                Battery_g_lvd_ctrl
 .bss.Puls_g_external_irq0_ctrl
                0x20007690       0x10 ./ra_gen/hal_data.o
                0x20007690                Puls_g_external_irq0_ctrl
 .bss.LTE_Uart_ctrl
                0x200076a0       0x30 ./ra_gen/hal_data.o
                0x200076a0                LTE_Uart_ctrl
 .bss.Debug_Uart1_ctrl
                0x200076d0       0x30 ./ra_gen/hal_data.o
                0x200076d0                Debug_Uart1_ctrl
 .bss.magnet_detect_ctrl
                0x20007700       0x10 ./ra_gen/hal_data.o
                0x20007700                magnet_detect_ctrl
 .bss.g_adc0_Vbat_ctrl
                0x20007710       0x20 ./ra_gen/hal_data.o
                0x20007710                g_adc0_Vbat_ctrl
 .bss.gp_ctrls  0x20007730        0x8 ./ra/fsp/src/r_lvd/r_lvd.o
 .bss.gp_cgc_ctrl
                0x20007738        0x4 ./ra/fsp/src/r_cgc/r_cgc.o
 .bss.gp_prv_agt_periods
                0x2000773c        0x8 ./ra/fsp/src/r_agt/r_agt.o
 .bss.g_bsp_group_irq_sources
                0x20007744       0x40 ./ra/fsp/src/bsp/mcu/all/bsp_group_irq.o
 .bss.g_protect_pfswe_counter
                0x20007784        0x4 ./ra/fsp/src/bsp/mcu/all/bsp_io.o
                0x20007784                g_protect_pfswe_counter
 .bss.gp_renesas_isr_context
                0x20007788       0x80 ./ra/fsp/src/bsp/mcu/all/bsp_irq.o
                0x20007788                gp_renesas_isr_context
 .bss.g_protect_counters
                0x20007808        0x8 ./ra/fsp/src/bsp/mcu/all/bsp_register_protection.o
 .bss.current_heap_end.0
                0x20007810        0x4 ./ra/fsp/src/bsp/mcu/all/bsp_sbrk.o
 .bss.SystemCoreClock
                0x20007814        0x4 ./ra/fsp/src/bsp/cmsis/Device/RENESAS/Source/system.o
                0x20007814                SystemCoreClock
 .bss.__malloc_free_list
                0x20007818        0x4 c:/program files (x86)/gnu arm embedded toolchain/10 2021.10/bin/../lib/gcc/arm-none-eabi/10.3.1/../../../../arm-none-eabi/lib/thumb/v8-m.base/nofp\libg_nano.a(lib_a-nano-mallocr.o)
                0x20007818                __malloc_free_list
 .bss.__malloc_sbrk_start
                0x2000781c        0x4 c:/program files (x86)/gnu arm embedded toolchain/10 2021.10/bin/../lib/gcc/arm-none-eabi/10.3.1/../../../../arm-none-eabi/lib/thumb/v8-m.base/nofp\libg_nano.a(lib_a-nano-mallocr.o)
                0x2000781c                __malloc_sbrk_start
 .bss.errno     0x20007820        0x4 c:/program files (x86)/gnu arm embedded toolchain/10 2021.10/bin/../lib/gcc/arm-none-eabi/10.3.1/../../../../arm-none-eabi/lib/thumb/v8-m.base/nofp\libg_nano.a(lib_a-reent.o)
                0x20007820                errno
 .bss.__lock___malloc_recursive_mutex
                0x20007824        0x1 c:/program files (x86)/gnu arm embedded toolchain/10 2021.10/bin/../lib/gcc/arm-none-eabi/10.3.1/../../../../arm-none-eabi/lib/thumb/v8-m.base/nofp\libg_nano.a(lib_a-lock.o)
                0x20007824                __lock___malloc_recursive_mutex
 *(COMMON)
                0x20007828                . = ALIGN (0x4)
 *fill*         0x20007825        0x3 
                0x20007828                __bss_end__ = .

.heap           0x20007828        0x0
                0x20007828                . = ALIGN (0x8)
                0x20007828                __HeapBase = .
 *(.heap)
                0x20007828                __HeapLimit = .

.stack_dummy    0x20007828      0x400
                0x20007828                . = ALIGN (0x8)
                0x20007828                __StackLimit = .
 *(.stack)
 .stack         0x20007828      0x400 ./ra/fsp/src/bsp/cmsis/Device/RENESAS/Source/startup.o
                0x20007c28                __StackTop = .
 *(.stack*)
                0x20007c28                __StackTopAll = .
                0x20007c28                PROVIDE (__stack = __StackTopAll)